<html>
<body>
<pre>
<h1>礦ision Build Log</h1>
<h2>Tool Versions:</h2>
IDE-Version: μVision V5.14.0.0
Copyright (C) 2015 ARM Ltd and ARM Germany GmbH. All rights reserved.
License Information: LIN LIN, LIN, LIC=NQQ63-ANIQY-0ZVWZ-J6QJS-T55IK-ITTBW
 
Tool Versions:
Toolchain:       MDK-ARM Standard  Version: 5.14.0.0
Toolchain Path:  E:\Keil_v5\ARM\ARMCC\Bin
C Compiler:      Armcc.exe V5.05 update 1 (build 106)
Assembler:       Armasm.exe V5.05 update 1 (build 106)
Linker/Locator:  ArmLink.exe V5.05 update 1 (build 106)
Library Manager: ArmAr.exe V5.05 update 1 (build 106)
Hex Converter:   FromElf.exe V5.05 update 1 (build 106)
CPU DLL:         SARMCM3.DLL V5.14.0.0
Dialog DLL:      DCM.DLL V1.13.1.0
Target DLL:      STLink\ST-LINKIII-KEIL_SWO.dll V2.0.14.0_KEIL
Dialog DLL:      TCM.DLL V1.14.4.0
 
<h2>Project:</h2>
C:\Users\lin\Desktop\自己写的驱动\CBT6\project\2D-LASER.uvprojx
Project File Date:  01/29/2017

<h2>Output:</h2>
Build target '2D-LASER'
compiling system_stm32f3xx.c...
compiling adc.c...
compiling dma.c...
compiling gpio.c...
compiling i2c.c...
compiling main.c...
compiling stm32f3xx_hal_msp.c...
compiling stm32f3xx_it.c...
compiling tim.c...
compiling usart.c...
compiling stm32f3xx_hal_uart.c...
compiling stm32f3xx_hal.c...
compiling stm32f3xx_hal_adc.c...
compiling stm32f3xx_hal_adc_ex.c...
compiling stm32f3xx_hal_cortex.c...
compiling stm32f3xx_hal_dma.c...
compiling stm32f3xx_hal_flash.c...
compiling stm32f3xx_hal_flash_ex.c...
compiling stm32f3xx_hal_gpio.c...
compiling stm32f3xx_hal_i2c.c...
compiling stm32f3xx_hal_i2c_ex.c...
compiling stm32f3xx_hal_pwr.c...
compiling stm32f3xx_hal_pwr_ex.c...
compiling stm32f3xx_hal_rcc.c...
compiling stm32f3xx_hal_rcc_ex.c...
compiling stm32f3xx_hal_tim.c...
compiling stm32f3xx_hal_tim_ex.c...
compiling stm32f3xx_hal_uart_ex.c...
compiling adc_user.c...
compiling gpio_user.c...
compiling laser.c...
..\Source\laser.c(39): warning:  #9-D: nested comment is not allowed
  //*/
..\Source\laser.c: 1 warning, 0 errors
compiling delay_user.c...
compiling usart_user.c...
..\Source\usart_user.c(83): warning:  #550-D: variable "data_counter" was set but never used
      u16 data_counter = 0;
..\Source\usart_user.c(17): warning:  #177-D: function "UART_DMATransmitCplt" was declared but never referenced
  static void UART_DMATransmitCplt(DMA_HandleTypeDef *hdma);
..\Source\usart_user.c: 2 warnings, 0 errors
compiling sysconfig.c...
compiling angle_and_speed.c...
..\Bsp\angle_and_speed\angle_and_speed.c(289): warning:  #177-D: variable "i" was declared but never referenced
      u8 i = 0;
..\Bsp\angle_and_speed\angle_and_speed.c: 1 warning, 0 errors
compiling epc.c...
..\Bsp\ccd\epc.c(157): warning:  #1-D: last line of file ends without a newline
  }
..\Bsp\ccd\epc.c: 1 warning, 0 errors
linking...
Program Size: Code=31192 RO-data=1592 RW-data=40 ZI-data=17656  
"CBT6\CBT6.axf" - 0 Error(s), 5 Warning(s).

<h2>Software Packages used:</h2>

Package Vendor: ARM
                http://www.keil.com/pack/ARM.CMSIS.4.2.0.pack
                ARM::CMSIS:CORE:3.40.0
                CMSIS (Cortex Microcontroller Software Interface Standard)
   * Component: CORE Version: 3.40.0

<h2>Collection of Component include folders:</h2>
  C:\Users\lin\Desktop\自己写的驱动\CBT6\project\RTE
  E:\Keil_v5\ARM\PACK\ARM\CMSIS\4.2.0\CMSIS\Include
  E:\Keil_v5\ARM\PACK\Keil\STM32F3xx_DFP\1.3.0\Device\Include

<h2>Collection of Component Files used:</h2>

   * Component: ARM::CMSIS:CORE:3.40.0
      Source file:   CMSIS\UserCodeTemplates\ARM\ITM_Retarget.c
</pre>
</body>
</html>
