<html>
<body>
<pre>
<h1>礦ision Build Log</h1>
<h2>Tool Versions:</h2>
IDE-Version: μVision V5.14.0.0
Copyright (C) 2015 ARM Ltd and ARM Germany GmbH. All rights reserved.
License Information: LIN LIN, LIN, LIC=NQQ63-ANIQY-0ZVWZ-J6QJS-T55IK-ITTBW
 
Tool Versions:
Toolchain:       MDK-ARM Standard  Version: 5.14.0.0
Toolchain Path:  E:\Keil_v5\ARM\ARMCC\Bin
C Compiler:      Armcc.exe V5.05 update 1 (build 106)
Assembler:       Armasm.exe V5.05 update 1 (build 106)
Linker/Locator:  ArmLink.exe V5.05 update 1 (build 106)
Library Manager: ArmAr.exe V5.05 update 1 (build 106)
Hex Converter:   FromElf.exe V5.05 update 1 (build 106)
CPU DLL:         SARMCM3.DLL V5.14.0.0
Dialog DLL:      DCM.DLL V1.13.1.0
Target DLL:      STLink\ST-LINKIII-KEIL_SWO.dll V2.0.14.0_KEIL
Dialog DLL:      TCM.DLL V1.14.4.0
 
<h2>Project:</h2>
C:\Users\lin\Desktop\自己写的驱动\CBT6\project\2D-LASER.uvprojx
Project File Date:  02/15/2017

<h2>Output:</h2>
Build target '2D-LASER'
compiling system_stm32f3xx.c...
compiling adc.c...
compiling dma.c...
compiling gpio.c...
compiling i2c.c...
compiling main.c...
..\HAL\Src\main.c(262): warning:  #223-D: function "memcpy" declared implicitly
          memcpy(Buffer,CCD_DataBuffer
..\HAL\Src\main.c(183): warning:  #177-D: variable "id" was declared but never referenced
     uint8_t id = 0x00;
..\HAL\Src\main.c(103): warning:  #177-D: function "SendMaxPixel" was declared but never referenced
  static void SendMaxPixel(void)
..\HAL\Src\main.c: 3 warnings, 0 errors
compiling stm32f3xx_hal_msp.c...
compiling stm32f3xx_it.c...
compiling tim.c...
compiling usart.c...
compiling stm32f3xx_hal_uart.c...
compiling stm32f3xx_hal.c...
compiling stm32f3xx_hal_adc.c...
compiling stm32f3xx_hal_adc_ex.c...
compiling stm32f3xx_hal_cortex.c...
compiling stm32f3xx_hal_dma.c...
compiling stm32f3xx_hal_flash.c...
compiling stm32f3xx_hal_flash_ex.c...
compiling stm32f3xx_hal_gpio.c...
compiling stm32f3xx_hal_i2c.c...
compiling stm32f3xx_hal_i2c_ex.c...
compiling stm32f3xx_hal_pwr.c...
compiling stm32f3xx_hal_pwr_ex.c...
compiling stm32f3xx_hal_rcc.c...
compiling stm32f3xx_hal_rcc_ex.c...
compiling stm32f3xx_hal_tim.c...
compiling stm32f3xx_hal_tim_ex.c...
compiling stm32f3xx_hal_uart_ex.c...
compiling adc_user.c...
compiling gpio_user.c...
compiling laser.c...
..\Source\laser.c(39): warning:  #9-D: nested comment is not allowed
  //*/
..\Source\laser.c: 1 warning, 0 errors
compiling delay_user.c...
compiling usart_user.c...
..\Source\usart_user.c(35): warning:  #223-D: function "Package" declared implicitly
      Package(package);
..\Source\usart_user.c(95): warning:  #111-D: statement is unreachable
                    break;
..\Source\usart_user.c: 2 warnings, 0 errors
compiling sysconfig.c...
compiling angle_and_speed.c...
..\Bsp\angle_and_speed\angle_and_speed.c(289): warning:  #177-D: variable "i" was declared but never referenced
      u8 i = 0;
..\Bsp\angle_and_speed\angle_and_speed.c: 1 warning, 0 errors
compiling epc.c...
..\Bsp\ccd\epc.c(157): warning:  #1-D: last line of file ends without a newline
  }
..\Bsp\ccd\epc.c: 1 warning, 0 errors
compiling algorithm.c...
..\algorithm\algorithm.c(25): warning:  #177-D: variable "con_width" was declared but never referenced
      u16 con_width = 0;
..\algorithm\algorithm.c(26): warning:  #177-D: variable "con_head" was declared but never referenced
      u16 con_head = 65535, con_tail = 65535;
..\algorithm\algorithm.c(26): warning:  #177-D: variable "con_tail" was declared but never referenced
      u16 con_head = 65535, con_tail = 65535;
..\algorithm\algorithm.c(27): warning:  #550-D: variable "type" was set but never used
      u8 type;
..\algorithm\algorithm.c(31): warning:  #177-D: variable "head" was declared but never referenced
      PixCurveCoor head = { 0, 0 }, tail = { 0, 0 }, mid = { 0, 0 };
..\algorithm\algorithm.c(31): warning:  #177-D: variable "tail" was declared but never referenced
      PixCurveCoor head = { 0, 0 }, tail = { 0, 0 }, mid = { 0, 0 };
..\algorithm\algorithm.c(31): warning:  #177-D: variable "mid" was declared but never referenced
      PixCurveCoor head = { 0, 0 }, tail = { 0, 0 }, mid = { 0, 0 };
..\algorithm\algorithm.c(220): warning:  #1035-D: single-precision operand implicitly converted to double-precision
                *distance = 87466.6/(766.3-index); // f=16mm
..\algorithm\algorithm.c(7): warning:  #550-D: variable "ConDomMax" was set but never used
  static ConDom ConDomMax;//鏈�澶у�兼墍鍦ㄨ繛閫氬煙
..\algorithm\algorithm.c: 9 warnings, 0 errors
linking...
Program Size: Code=35996 RO-data=484 RW-data=108 ZI-data=19628  
"CBT6\CBT6.axf" - 0 Error(s), 17 Warning(s).

<h2>Software Packages used:</h2>

Package Vendor: ARM
                http://www.keil.com/pack/ARM.CMSIS.4.2.0.pack
                ARM::CMSIS:CORE:3.40.0
                CMSIS (Cortex Microcontroller Software Interface Standard)
   * Component: CORE Version: 3.40.0

<h2>Collection of Component include folders:</h2>
  C:\Users\lin\Desktop\自己写的驱动\CBT6\project\RTE
  E:\Keil_v5\ARM\PACK\ARM\CMSIS\4.2.0\CMSIS\Include
  E:\Keil_v5\ARM\PACK\Keil\STM32F3xx_DFP\1.3.0\Device\Include

<h2>Collection of Component Files used:</h2>

   * Component: ARM::CMSIS:CORE:3.40.0
      Source file:   CMSIS\UserCodeTemplates\ARM\ITM_Retarget.c
</pre>
</body>
</html>
