Component: ARM Compiler 5.05 update 1 (build 106) Tool: armlink [4d0efa]

==============================================================================

Section Cross References

    system_stm32f3xx.o(i.SystemCoreClockUpdate) refers to system_stm32f3xx.o(.data) for SystemCoreClock
    system_stm32f3xx.o(i.SystemCoreClockUpdate) refers to system_stm32f3xx.o(.constdata) for AHBPrescTable
    startup_stm32f302xc.o(RESET) refers to startup_stm32f302xc.o(STACK) for __initial_sp
    startup_stm32f302xc.o(RESET) refers to startup_stm32f302xc.o(.text) for Reset_Handler
    startup_stm32f302xc.o(RESET) refers to stm32f3xx_it.o(i.NMI_Handler) for NMI_Handler
    startup_stm32f302xc.o(RESET) refers to stm32f3xx_it.o(i.HardFault_Handler) for HardFault_Handler
    startup_stm32f302xc.o(RESET) refers to stm32f3xx_it.o(i.MemManage_Handler) for MemManage_Handler
    startup_stm32f302xc.o(RESET) refers to stm32f3xx_it.o(i.BusFault_Handler) for BusFault_Handler
    startup_stm32f302xc.o(RESET) refers to stm32f3xx_it.o(i.UsageFault_Handler) for UsageFault_Handler
    startup_stm32f302xc.o(RESET) refers to stm32f3xx_it.o(i.SVC_Handler) for SVC_Handler
    startup_stm32f302xc.o(RESET) refers to stm32f3xx_it.o(i.DebugMon_Handler) for DebugMon_Handler
    startup_stm32f302xc.o(RESET) refers to stm32f3xx_it.o(i.PendSV_Handler) for PendSV_Handler
    startup_stm32f302xc.o(RESET) refers to stm32f3xx_it.o(i.SysTick_Handler) for SysTick_Handler
    startup_stm32f302xc.o(RESET) refers to stm32f3xx_it.o(i.DMA1_Channel1_IRQHandler) for DMA1_Channel1_IRQHandler
    startup_stm32f302xc.o(RESET) refers to stm32f3xx_it.o(i.DMA1_Channel4_IRQHandler) for DMA1_Channel4_IRQHandler
    startup_stm32f302xc.o(RESET) refers to stm32f3xx_it.o(i.DMA1_Channel5_IRQHandler) for DMA1_Channel5_IRQHandler
    startup_stm32f302xc.o(RESET) refers to stm32f3xx_it.o(i.TIM1_BRK_TIM15_IRQHandler) for TIM1_BRK_TIM15_IRQHandler
    startup_stm32f302xc.o(RESET) refers to stm32f3xx_it.o(i.TIM1_UP_TIM16_IRQHandler) for TIM1_UP_TIM16_IRQHandler
    startup_stm32f302xc.o(RESET) refers to stm32f3xx_it.o(i.TIM2_IRQHandler) for TIM2_IRQHandler
    startup_stm32f302xc.o(RESET) refers to stm32f3xx_it.o(i.TIM4_IRQHandler) for TIM4_IRQHandler
    startup_stm32f302xc.o(RESET) refers to stm32f3xx_it.o(i.USART1_IRQHandler) for USART1_IRQHandler
    startup_stm32f302xc.o(RESET) refers to stm32f3xx_it.o(i.EXTI15_10_IRQHandler) for EXTI15_10_IRQHandler
    startup_stm32f302xc.o(.text) refers to system_stm32f3xx.o(i.SystemInit) for SystemInit
    startup_stm32f302xc.o(.text) refers to entry.o(.ARM.Collect$$$$00000000) for __main
    adc.o(i.HAL_ADC_MspDeInit) refers to stm32f3xx_hal_gpio.o(i.HAL_GPIO_DeInit) for HAL_GPIO_DeInit
    adc.o(i.HAL_ADC_MspDeInit) refers to stm32f3xx_hal_dma.o(i.HAL_DMA_DeInit) for HAL_DMA_DeInit
    adc.o(i.HAL_ADC_MspDeInit) refers to adc.o(.data) for HAL_RCC_ADC12_CLK_ENABLED
    adc.o(i.HAL_ADC_MspInit) refers to stm32f3xx_hal_gpio.o(i.HAL_GPIO_Init) for HAL_GPIO_Init
    adc.o(i.HAL_ADC_MspInit) refers to stm32f3xx_hal_dma.o(i.HAL_DMA_Init) for HAL_DMA_Init
    adc.o(i.HAL_ADC_MspInit) refers to main.o(i.Error_Handler) for Error_Handler
    adc.o(i.HAL_ADC_MspInit) refers to adc.o(.bss) for hdma_adc1
    adc.o(i.HAL_ADC_MspInit) refers to adc.o(.data) for HAL_RCC_ADC12_CLK_ENABLED
    adc.o(i.MX_ADC1_Init) refers to stm32f3xx_hal_adc_ex.o(i.HAL_ADC_Init) for HAL_ADC_Init
    adc.o(i.MX_ADC1_Init) refers to main.o(i.Error_Handler) for Error_Handler
    adc.o(i.MX_ADC1_Init) refers to stm32f3xx_hal_adc_ex.o(i.HAL_ADCEx_MultiModeConfigChannel) for HAL_ADCEx_MultiModeConfigChannel
    adc.o(i.MX_ADC1_Init) refers to stm32f3xx_hal_adc_ex.o(i.HAL_ADC_ConfigChannel) for HAL_ADC_ConfigChannel
    adc.o(i.MX_ADC1_Init) refers to adc.o(.bss) for hadc1
    adc.o(i.MX_ADC2_Init) refers to stm32f3xx_hal_adc_ex.o(i.HAL_ADC_Init) for HAL_ADC_Init
    adc.o(i.MX_ADC2_Init) refers to main.o(i.Error_Handler) for Error_Handler
    adc.o(i.MX_ADC2_Init) refers to stm32f3xx_hal_adc_ex.o(i.HAL_ADC_ConfigChannel) for HAL_ADC_ConfigChannel
    adc.o(i.MX_ADC2_Init) refers to adc.o(.bss) for hadc2
    dma.o(i.MX_DMA_Init) refers to stm32f3xx_hal_cortex.o(i.HAL_NVIC_SetPriority) for HAL_NVIC_SetPriority
    dma.o(i.MX_DMA_Init) refers to stm32f3xx_hal_cortex.o(i.HAL_NVIC_EnableIRQ) for HAL_NVIC_EnableIRQ
    gpio.o(i.MX_GPIO_Init) refers to stm32f3xx_hal_gpio.o(i.HAL_GPIO_WritePin) for HAL_GPIO_WritePin
    gpio.o(i.MX_GPIO_Init) refers to stm32f3xx_hal_gpio.o(i.HAL_GPIO_Init) for HAL_GPIO_Init
    gpio.o(i.MX_GPIO_Init) refers to stm32f3xx_hal_cortex.o(i.HAL_NVIC_SetPriority) for HAL_NVIC_SetPriority
    gpio.o(i.MX_GPIO_Init) refers to stm32f3xx_hal_cortex.o(i.HAL_NVIC_EnableIRQ) for HAL_NVIC_EnableIRQ
    i2c.o(i.HAL_I2C_MspDeInit) refers to stm32f3xx_hal_gpio.o(i.HAL_GPIO_DeInit) for HAL_GPIO_DeInit
    i2c.o(i.HAL_I2C_MspInit) refers to stm32f3xx_hal_gpio.o(i.HAL_GPIO_Init) for HAL_GPIO_Init
[...]
    Removing stm32f3xx_hal_tim.o(i.HAL_TIM_Base_Stop), (224 bytes).
    Removing stm32f3xx_hal_tim.o(i.HAL_TIM_Base_Stop_DMA), (228 bytes).
    Removing stm32f3xx_hal_tim.o(i.HAL_TIM_Base_Stop_IT), (224 bytes).
    Removing stm32f3xx_hal_tim.o(i.HAL_TIM_ConfigOCrefClear), (668 bytes).
    Removing stm32f3xx_hal_tim.o(i.HAL_TIM_ConfigTI1Input), (172 bytes).
    Removing stm32f3xx_hal_tim.o(i.HAL_TIM_DMABurst_ReadStart), (776 bytes).
    Removing stm32f3xx_hal_tim.o(i.HAL_TIM_DMABurst_ReadStop), (208 bytes).
    Removing stm32f3xx_hal_tim.o(i.HAL_TIM_DMABurst_WriteStart), (776 bytes).
    Removing stm32f3xx_hal_tim.o(i.HAL_TIM_DMABurst_WriteStop), (208 bytes).
    Removing stm32f3xx_hal_tim.o(i.HAL_TIM_Encoder_DeInit), (236 bytes).
    Removing stm32f3xx_hal_tim.o(i.HAL_TIM_Encoder_GetState), (8 bytes).
    Removing stm32f3xx_hal_tim.o(i.HAL_TIM_Encoder_Init), (564 bytes).
    Removing stm32f3xx_hal_tim.o(i.HAL_TIM_Encoder_MspDeInit), (2 bytes).
    Removing stm32f3xx_hal_tim.o(i.HAL_TIM_Encoder_MspInit), (2 bytes).
    Removing stm32f3xx_hal_tim.o(i.HAL_TIM_Encoder_Start), (208 bytes).
    Removing stm32f3xx_hal_tim.o(i.HAL_TIM_Encoder_Start_DMA), (480 bytes).
    Removing stm32f3xx_hal_tim.o(i.HAL_TIM_Encoder_Start_IT), (256 bytes).
    Removing stm32f3xx_hal_tim.o(i.HAL_TIM_Encoder_Stop), (232 bytes).
    Removing stm32f3xx_hal_tim.o(i.HAL_TIM_Encoder_Stop_DMA), (304 bytes).
    Removing stm32f3xx_hal_tim.o(i.HAL_TIM_Encoder_Stop_IT), (280 bytes).
    Removing stm32f3xx_hal_tim.o(i.HAL_TIM_ErrorCallback), (2 bytes).
    Removing stm32f3xx_hal_tim.o(i.HAL_TIM_GenerateEvent), (244 bytes).
    Removing stm32f3xx_hal_tim.o(i.HAL_TIM_IC_CaptureCallback), (2 bytes).
    Removing stm32f3xx_hal_tim.o(i.HAL_TIM_IC_DeInit), (236 bytes).
    Removing stm32f3xx_hal_tim.o(i.HAL_TIM_IC_GetState), (8 bytes).
    Removing stm32f3xx_hal_tim.o(i.HAL_TIM_IC_MspDeInit), (2 bytes).
    Removing stm32f3xx_hal_tim.o(i.HAL_TIM_IC_Start), (260 bytes).
    Removing stm32f3xx_hal_tim.o(i.HAL_TIM_IC_Start_DMA), (564 bytes).
    Removing stm32f3xx_hal_tim.o(i.HAL_TIM_IC_Start_IT), (336 bytes).
    Removing stm32f3xx_hal_tim.o(i.HAL_TIM_IC_Stop), (288 bytes).
    Removing stm32f3xx_hal_tim.o(i.HAL_TIM_IC_Stop_DMA), (436 bytes).
    Removing stm32f3xx_hal_tim.o(i.HAL_TIM_IC_Stop_IT), (364 bytes).
    Removing stm32f3xx_hal_tim.o(i.HAL_TIM_OC_ConfigChannel), (536 bytes).
    Removing stm32f3xx_hal_tim.o(i.HAL_TIM_OC_DeInit), (236 bytes).
    Removing stm32f3xx_hal_tim.o(i.HAL_TIM_OC_DelayElapsedCallback), (2 bytes).
    Removing stm32f3xx_hal_tim.o(i.HAL_TIM_OC_GetState), (8 bytes).
    Removing stm32f3xx_hal_tim.o(i.HAL_TIM_OC_MspDeInit), (2 bytes).
    Removing stm32f3xx_hal_tim.o(i.HAL_TIM_OC_Start), (312 bytes).
    Removing stm32f3xx_hal_tim.o(i.HAL_TIM_OC_Start_DMA), (548 bytes).
    Removing stm32f3xx_hal_tim.o(i.HAL_TIM_OC_Start_IT), (388 bytes).
    Removing stm32f3xx_hal_tim.o(i.HAL_TIM_OC_Stop), (364 bytes).
    Removing stm32f3xx_hal_tim.o(i.HAL_TIM_OC_Stop_DMA), (448 bytes).
    Removing stm32f3xx_hal_tim.o(i.HAL_TIM_OC_Stop_IT), (440 bytes).
    Removing stm32f3xx_hal_tim.o(i.HAL_TIM_OnePulse_ConfigChannel), (656 bytes).
    Removing stm32f3xx_hal_tim.o(i.HAL_TIM_OnePulse_DeInit), (236 bytes).
    Removing stm32f3xx_hal_tim.o(i.HAL_TIM_OnePulse_GetState), (8 bytes).
    Removing stm32f3xx_hal_tim.o(i.HAL_TIM_OnePulse_Init), (332 bytes).
    Removing stm32f3xx_hal_tim.o(i.HAL_TIM_OnePulse_MspDeInit), (2 bytes).
    Removing stm32f3xx_hal_tim.o(i.HAL_TIM_OnePulse_MspInit), (2 bytes).
    Removing stm32f3xx_hal_tim.o(i.HAL_TIM_OnePulse_Start), (100 bytes).
    Removing stm32f3xx_hal_tim.o(i.HAL_TIM_OnePulse_Start_IT), (124 bytes).
    Removing stm32f3xx_hal_tim.o(i.HAL_TIM_OnePulse_Stop), (164 bytes).
    Removing stm32f3xx_hal_tim.o(i.HAL_TIM_OnePulse_Stop_IT), (188 bytes).
    Removing stm32f3xx_hal_tim.o(i.HAL_TIM_PWM_ConfigChannel), (708 bytes).
    Removing stm32f3xx_hal_tim.o(i.HAL_TIM_PWM_DeInit), (236 bytes).
    Removing stm32f3xx_hal_tim.o(i.HAL_TIM_PWM_GetState), (8 bytes).
    Removing stm32f3xx_hal_tim.o(i.HAL_TIM_PWM_MspDeInit), (2 bytes).
    Removing stm32f3xx_hal_tim.o(i.HAL_TIM_PWM_Start_DMA), (548 bytes).
    Removing stm32f3xx_hal_tim.o(i.HAL_TIM_PWM_Start_IT), (388 bytes).
    Removing stm32f3xx_hal_tim.o(i.HAL_TIM_PWM_Stop_DMA), (448 bytes).
    Removing stm32f3xx_hal_tim.o(i.HAL_TIM_PWM_Stop_IT), (440 bytes).
    Removing stm32f3xx_hal_tim.o(i.HAL_TIM_ReadCapturedValue), (384 bytes).
    Removing stm32f3xx_hal_tim.o(i.HAL_TIM_SlaveConfigSynchronization), (320 bytes).
    Removing stm32f3xx_hal_tim.o(i.HAL_TIM_SlaveConfigSynchronization_IT), (320 bytes).
    Removing stm32f3xx_hal_tim.o(i.TIM_DMACaptureCplt), (70 bytes).
    Removing stm32f3xx_hal_tim.o(i.TIM_DMADelayPulseCplt), (70 bytes).
    Removing stm32f3xx_hal_tim.o(i.TIM_DMAError), (20 bytes).
    Removing stm32f3xx_hal_tim.o(i.TIM_DMAPeriodElapsedCplt), (20 bytes).
    Removing stm32f3xx_hal_tim.o(i.TIM_DMATriggerCplt), (20 bytes).
    Removing stm32f3xx_hal_tim.o(i.TIM_SlaveTimer_SetConfig), (936 bytes).
    Removing stm32f3xx_hal_tim_ex.o(.rev16_text), (4 bytes).
    Removing stm32f3xx_hal_tim_ex.o(.revsh_text), (4 bytes).
    Removing stm32f3xx_hal_tim_ex.o(.rrx_text), (6 bytes).
    Removing stm32f3xx_hal_tim_ex.o(i.HAL_TIMEx_ConfigCommutationEvent), (272 bytes).
    Removing stm32f3xx_hal_tim_ex.o(i.HAL_TIMEx_ConfigCommutationEvent_DMA), (304 bytes).
    Removing stm32f3xx_hal_tim_ex.o(i.HAL_TIMEx_ConfigCommutationEvent_IT), (284 bytes).
    Removing stm32f3xx_hal_tim_ex.o(i.HAL_TIMEx_GroupChannel5), (184 bytes).
    Removing stm32f3xx_hal_tim_ex.o(i.HAL_TIMEx_HallSensor_DeInit), (240 bytes).
    Removing stm32f3xx_hal_tim_ex.o(i.HAL_TIMEx_HallSensor_GetState), (8 bytes).
    Removing stm32f3xx_hal_tim_ex.o(i.HAL_TIMEx_HallSensor_Init), (440 bytes).
    Removing stm32f3xx_hal_tim_ex.o(i.HAL_TIMEx_HallSensor_MspDeInit), (2 bytes).
    Removing stm32f3xx_hal_tim_ex.o(i.HAL_TIMEx_HallSensor_MspInit), (2 bytes).
    Removing stm32f3xx_hal_tim_ex.o(i.HAL_TIMEx_HallSensor_Start), (120 bytes).
    Removing stm32f3xx_hal_tim_ex.o(i.HAL_TIMEx_HallSensor_Start_DMA), (204 bytes).
    Removing stm32f3xx_hal_tim_ex.o(i.HAL_TIMEx_HallSensor_Start_IT), (132 bytes).
    Removing stm32f3xx_hal_tim_ex.o(i.HAL_TIMEx_HallSensor_Stop), (144 bytes).
    Removing stm32f3xx_hal_tim_ex.o(i.HAL_TIMEx_HallSensor_Stop_DMA), (156 bytes).
    Removing stm32f3xx_hal_tim_ex.o(i.HAL_TIMEx_HallSensor_Stop_IT), (156 bytes).
    Removing stm32f3xx_hal_tim_ex.o(i.HAL_TIMEx_OCN_Start), (184 bytes).
    Removing stm32f3xx_hal_tim_ex.o(i.HAL_TIMEx_OCN_Start_DMA), (420 bytes).
    Removing stm32f3xx_hal_tim_ex.o(i.HAL_TIMEx_OCN_Start_IT), (272 bytes).
    Removing stm32f3xx_hal_tim_ex.o(i.HAL_TIMEx_OCN_Stop), (236 bytes).
    Removing stm32f3xx_hal_tim_ex.o(i.HAL_TIMEx_OCN_Stop_DMA), (320 bytes).
    Removing stm32f3xx_hal_tim_ex.o(i.HAL_TIMEx_OCN_Stop_IT), (340 bytes).
    Removing stm32f3xx_hal_tim_ex.o(i.HAL_TIMEx_OnePulseN_Start), (172 bytes).
    Removing stm32f3xx_hal_tim_ex.o(i.HAL_TIMEx_OnePulseN_Start_IT), (196 bytes).
    Removing stm32f3xx_hal_tim_ex.o(i.HAL_TIMEx_OnePulseN_Stop), (236 bytes).
    Removing stm32f3xx_hal_tim_ex.o(i.HAL_TIMEx_OnePulseN_Stop_IT), (260 bytes).
    Removing stm32f3xx_hal_tim_ex.o(i.HAL_TIMEx_PWMN_Start), (184 bytes).
    Removing stm32f3xx_hal_tim_ex.o(i.HAL_TIMEx_PWMN_Start_DMA), (420 bytes).
    Removing stm32f3xx_hal_tim_ex.o(i.HAL_TIMEx_PWMN_Start_IT), (272 bytes).
    Removing stm32f3xx_hal_tim_ex.o(i.HAL_TIMEx_PWMN_Stop), (236 bytes).
    Removing stm32f3xx_hal_tim_ex.o(i.HAL_TIMEx_PWMN_Stop_DMA), (320 bytes).
    Removing stm32f3xx_hal_tim_ex.o(i.HAL_TIMEx_PWMN_Stop_IT), (340 bytes).
    Removing stm32f3xx_hal_tim_ex.o(i.HAL_TIMEx_RemapConfig), (192 bytes).
    Removing stm32f3xx_hal_tim_ex.o(i.HAL_TIM_ConfigOCrefClear), (592 bytes).
    Removing stm32f3xx_hal_tim_ex.o(i.TIMEx_DMACommutationCplt), (20 bytes).
    Removing stm32f3xx_hal_tim_ex.o(i.TIM_CCxNChannelCmd), (28 bytes).
    Removing stm32f3xx_hal_uart_ex.o(.rev16_text), (4 bytes).
    Removing stm32f3xx_hal_uart_ex.o(.revsh_text), (4 bytes).
    Removing stm32f3xx_hal_uart_ex.o(.rrx_text), (6 bytes).
    Removing stm32f3xx_hal_uart_ex.o(i.HAL_MultiProcessorEx_AddressLength_Set), (148 bytes).
    Removing stm32f3xx_hal_uart_ex.o(i.HAL_RS485Ex_Init), (312 bytes).
    Removing stm32f3xx_hal_uart_ex.o(i.HAL_UARTEx_DisableStopMode), (200 bytes).
    Removing stm32f3xx_hal_uart_ex.o(i.HAL_UARTEx_EnableStopMode), (200 bytes).
    Removing stm32f3xx_hal_uart_ex.o(i.HAL_UARTEx_StopModeWakeUpSourceConfig), (300 bytes).
    Removing adc_user.o(.rev16_text), (4 bytes).
    Removing adc_user.o(.revsh_text), (4 bytes).
    Removing adc_user.o(.rrx_text), (6 bytes).
    Removing adc_user.o(i.ADC_GetValue), (24 bytes).
    Removing adc_user.o(i.ADC_Init), (72 bytes).
    Removing adc_user.o(i.ADC_LASER), (10 bytes).
    Removing adc_user.o(.data), (16 bytes).
    Removing gpio_user.o(.rev16_text), (4 bytes).
    Removing gpio_user.o(.revsh_text), (4 bytes).
    Removing gpio_user.o(.rrx_text), (6 bytes).
    Removing laser.o(.rev16_text), (4 bytes).
    Removing laser.o(.revsh_text), (4 bytes).
    Removing laser.o(.rrx_text), (6 bytes).
    Removing laser.o(i.GetLaserCurrent), (84 bytes).
    Removing laser.o(i.LaserOn), (36 bytes).
    Removing laser.o(i.Laser_Init), (44 bytes).
    Removing delay_user.o(.rev16_text), (4 bytes).
    Removing delay_user.o(.revsh_text), (4 bytes).
    Removing delay_user.o(.rrx_text), (6 bytes).
    Removing delay_user.o(i.Delay_Init), (60 bytes).
    Removing delay_user.o(i.Delay_ms), (56 bytes).
    Removing delay_user.o(i.Delay_us), (76 bytes).
    Removing delay_user.o(i.Delay_xms), (76 bytes).
    Removing delay_user.o(.data), (4 bytes).
    Removing usart_user.o(.rev16_text), (4 bytes).
    Removing usart_user.o(.revsh_text), (4 bytes).
    Removing usart_user.o(.rrx_text), (6 bytes).
    Removing usart_user.o(i.DMA2_Stream5_IRQHandler), (408 bytes).
    Removing usart_user.o(i.DMA2_Stream7_IRQHandler), (400 bytes).
    Removing usart_user.o(i.USART1_IRQHANDLER_USER), (64 bytes).
    Removing usart_user.o(i.USER_UART_Transmit_DMA), (120 bytes).
    Removing usart_user.o(i.fputc), (28 bytes).
    Removing usart_user.o(.data), (4 bytes).
    Removing rec.o(i.Unpacking), (312 bytes).
    Removing rec.o(.bss), (2048 bytes).
    Removing transmit.o(i.Package), (250 bytes).
    Removing sysconfig.o(.rev16_text), (4 bytes).
    Removing sysconfig.o(.revsh_text), (4 bytes).
    Removing sysconfig.o(.rrx_text), (6 bytes).
    Removing sysconfig.o(i.InitSystemConfig), (72 bytes).
    Removing sysconfig.o(.data), (48 bytes).
    Removing angle_and_speed.o(.rev16_text), (4 bytes).
    Removing angle_and_speed.o(.revsh_text), (4 bytes).
    Removing angle_and_speed.o(.rrx_text), (6 bytes).
    Removing angle_and_speed.o(i.GetAngularSpeed), (12 bytes).
    Removing angle_and_speed.o(i.GetCurrentGratingIndex), (24 bytes).
    Removing angle_and_speed.o(i.GetLidarAngle), (204 bytes).
    Removing angle_and_speed.o(i.InitSpeedCapture), (28 bytes).
    Removing angle_and_speed.o(i.IsAllPulseWidthDataReady), (28 bytes).
    Removing angle_and_speed.o(i.IsLidarStall), (12 bytes).
    Removing angle_and_speed.o(i.IsTimeToSendSpeed), (4 bytes).
    Removing angle_and_speed.o(i.IsZeroPoint), (24 bytes).
    Removing angle_and_speed.o(i.ResetAngularSpeed), (12 bytes).
    Removing angle_and_speed.o(i.SendSpeed), (76 bytes).
    Removing angle_and_speed.o(i.SetPulseWidthThreshold), (72 bytes).
    Removing epc.o(.rev16_text), (4 bytes).
    Removing epc.o(.revsh_text), (4 bytes).
    Removing epc.o(.rrx_text), (6 bytes).
    Removing epc.o(i.AcquisitionData), (2 bytes).
    Removing epc.o(i.CCDInit), (2 bytes).
    Removing epc.o(i.ClearPix), (60 bytes).
    Removing epc.o(i.ReadChipRevNo), (4 bytes).
    Removing epc.o(i.ReadTempSensor), (6 bytes).
    Removing epc.o(i.StartCCDCapture), (36 bytes).
    Removing algorithm.o(.rev16_text), (4 bytes).
    Removing algorithm.o(.revsh_text), (4 bytes).
    Removing algorithm.o(.rrx_text), (6 bytes).
    Removing algorithm.o(i.GetCentroid), (152 bytes).
    Removing algorithm.o(i.GetCurveType), (8 bytes).
    Removing algorithm.o(i.GetDistance), (120 bytes).
    Removing algorithm.o(i.GetPixCurveInfo), (292 bytes).
    Removing algorithm.o(i.GetPixVmax), (16 bytes).
    Removing algorithm.o(.data), (16 bytes).
    Removing dadd.o(.text), (334 bytes).
    Removing ddiv.o(.text), (222 bytes).
    Removing f2d.o(.text), (38 bytes).
    Removing d2f.o(.text), (56 bytes).
    Removing fepilogue.o(.text), (110 bytes).
    Removing depilogue.o(.text), (186 bytes).

544 unused section(s) (total 77631 bytes) removed from the image.

==============================================================================

Image Symbol Table

    Local Symbols

    Symbol Name                              Value     Ov Type        Size  Object(Section)

    ../clib/microlib/init/entry.s            0x00000000   Number         0  entry.o ABSOLUTE
    ../clib/microlib/init/entry.s            0x00000000   Number         0  entry8a.o ABSOLUTE
    ../clib/microlib/init/entry.s            0x00000000   Number         0  entry7b.o ABSOLUTE
    ../clib/microlib/init/entry.s            0x00000000   Number         0  entry11a.o ABSOLUTE
    ../clib/microlib/init/entry.s            0x00000000   Number         0  entry10b.o ABSOLUTE
    ../clib/microlib/init/entry.s            0x00000000   Number         0  entry10a.o ABSOLUTE
    ../clib/microlib/init/entry.s            0x00000000   Number         0  entry9b.o ABSOLUTE
    ../clib/microlib/init/entry.s            0x00000000   Number         0  entry9a.o ABSOLUTE
    ../clib/microlib/init/entry.s            0x00000000   Number         0  entry8b.o ABSOLUTE
    ../clib/microlib/init/entry.s            0x00000000   Number         0  entry5.o ABSOLUTE
    ../clib/microlib/init/entry.s            0x00000000   Number         0  entry11b.o ABSOLUTE
    ../clib/microlib/init/entry.s            0x00000000   Number         0  entry7a.o ABSOLUTE
    ../clib/microlib/init/entry.s            0x00000000   Number         0  entry2.o ABSOLUTE
    ../clib/microlib/longlong.c              0x00000000   Number         0  llshl.o ABSOLUTE
    ../clib/microlib/longlong.c              0x00000000   Number         0  llsshr.o ABSOLUTE
    ../clib/microlib/longlong.c              0x00000000   Number         0  llushr.o ABSOLUTE
    ../clib/microlib/string/memcpy.c         0x00000000   Number         0  memcpyb.o ABSOLUTE
    ../clib/microlib/string/memcpy.c         0x00000000   Number         0  memcpya.o ABSOLUTE
    ../clib/microlib/string/memset.c         0x00000000   Number         0  memseta.o ABSOLUTE
    ../clib/microlib/stubs.s                 0x00000000   Number         0  iusefp.o ABSOLUTE
    ../clib/microlib/stubs.s                 0x00000000   Number         0  useno.o ABSOLUTE
    ../fplib/microlib/d2f.c                  0x00000000   Number         0  d2f.o ABSOLUTE
    ../fplib/microlib/f2d.c                  0x00000000   Number         0  f2d.o ABSOLUTE
    ../fplib/microlib/fpadd.c                0x00000000   Number         0  dadd.o ABSOLUTE
    ../fplib/microlib/fpdiv.c                0x00000000   Number         0  ddiv.o ABSOLUTE
    ../fplib/microlib/fpepilogue.c           0x00000000   Number         0  fepilogue.o ABSOLUTE
    ../fplib/microlib/fpepilogue.c           0x00000000   Number         0  depilogue.o ABSOLUTE
    ..\Bsp\angle_and_speed\angle_and_speed.c 0x00000000   Number         0  angle_and_speed.o ABSOLUTE
    ..\Bsp\ccd\epc.c                         0x00000000   Number         0  epc.o ABSOLUTE
    ..\HAL\Drivers\STM32F3xx_HAL_Driver\Src\stm32f3xx_hal.c 0x00000000   Number         0  stm32f3xx_hal.o ABSOLUTE
    ..\HAL\Drivers\STM32F3xx_HAL_Driver\Src\stm32f3xx_hal_adc.c 0x00000000   Number         0  stm32f3xx_hal_adc.o ABSOLUTE
    ..\HAL\Drivers\STM32F3xx_HAL_Driver\Src\stm32f3xx_hal_adc_ex.c 0x00000000   Number         0  stm32f3xx_hal_adc_ex.o ABSOLUTE
    ..\HAL\Drivers\STM32F3xx_HAL_Driver\Src\stm32f3xx_hal_cortex.c 0x00000000   Number         0  stm32f3xx_hal_cortex.o ABSOLUTE
    ..\HAL\Drivers\STM32F3xx_HAL_Driver\Src\stm32f3xx_hal_dma.c 0x00000000   Number         0  stm32f3xx_hal_dma.o ABSOLUTE
    ..\HAL\Drivers\STM32F3xx_HAL_Driver\Src\stm32f3xx_hal_flash.c 0x00000000   Number         0  stm32f3xx_hal_flash.o ABSOLUTE
    ..\HAL\Drivers\STM32F3xx_HAL_Driver\Src\stm32f3xx_hal_flash_ex.c 0x00000000   Number         0  stm32f3xx_hal_flash_ex.o ABSOLUTE
    ..\HAL\Drivers\STM32F3xx_HAL_Driver\Src\stm32f3xx_hal_gpio.c 0x00000000   Number         0  stm32f3xx_hal_gpio.o ABSOLUTE
    ..\HAL\Drivers\STM32F3xx_HAL_Driver\Src\stm32f3xx_hal_i2c.c 0x00000000   Number         0  stm32f3xx_hal_i2c.o ABSOLUTE
    ..\HAL\Drivers\STM32F3xx_HAL_Driver\Src\stm32f3xx_hal_i2c_ex.c 0x00000000   Number         0  stm32f3xx_hal_i2c_ex.o ABSOLUTE
    ..\HAL\Drivers\STM32F3xx_HAL_Driver\Src\stm32f3xx_hal_pwr.c 0x00000000   Number         0  stm32f3xx_hal_pwr.o ABSOLUTE
    ..\HAL\Drivers\STM32F3xx_HAL_Driver\Src\stm32f3xx_hal_pwr_ex.c 0x00000000   Number         0  stm32f3xx_hal_pwr_ex.o ABSOLUTE
    ..\HAL\Drivers\STM32F3xx_HAL_Driver\Src\stm32f3xx_hal_rcc.c 0x00000000   Number         0  stm32f3xx_hal_rcc.o ABSOLUTE
    ..\HAL\Drivers\STM32F3xx_HAL_Driver\Src\stm32f3xx_hal_rcc_ex.c 0x00000000   Number         0  stm32f3xx_hal_rcc_ex.o ABSOLUTE
    ..\HAL\Drivers\STM32F3xx_HAL_Driver\Src\stm32f3xx_hal_tim.c 0x00000000   Number         0  stm32f3xx_hal_tim.o ABSOLUTE
    ..\HAL\Drivers\STM32F3xx_HAL_Driver\Src\stm32f3xx_hal_tim_ex.c 0x00000000   Number         0  stm32f3xx_hal_tim_ex.o ABSOLUTE
    ..\HAL\Drivers\STM32F3xx_HAL_Driver\Src\stm32f3xx_hal_uart.c 0x00000000   Number         0  stm32f3xx_hal_uart.o ABSOLUTE
    ..\HAL\Drivers\STM32F3xx_HAL_Driver\Src\stm32f3xx_hal_uart_ex.c 0x00000000   Number         0  stm32f3xx_hal_uart_ex.o ABSOLUTE
    ..\HAL\Src\adc.c                         0x00000000   Number         0  adc.o ABSOLUTE
    ..\HAL\Src\dma.c                         0x00000000   Number         0  dma.o ABSOLUTE
    ..\HAL\Src\gpio.c                        0x00000000   Number         0  gpio.o ABSOLUTE
    ..\HAL\Src\i2c.c                         0x00000000   Number         0  i2c.o ABSOLUTE
    ..\HAL\Src\main.c                        0x00000000   Number         0  main.o ABSOLUTE
    ..\HAL\Src\stm32f3xx_hal_msp.c           0x00000000   Number         0  stm32f3xx_hal_msp.o ABSOLUTE
    ..\HAL\Src\stm32f3xx_it.c                0x00000000   Number         0  stm32f3xx_it.o ABSOLUTE
    ..\HAL\Src\system_stm32f3xx.c            0x00000000   Number         0  system_stm32f3xx.o ABSOLUTE
    ..\HAL\Src\tim.c                         0x00000000   Number         0  tim.o ABSOLUTE
    ..\HAL\Src\usart.c                       0x00000000   Number         0  usart.o ABSOLUTE
    ..\Source\adc_user.c                     0x00000000   Number         0  adc_user.o ABSOLUTE
    ..\Source\delay_user.c                   0x00000000   Number         0  delay_user.o ABSOLUTE
    ..\Source\gpio_user.c                    0x00000000   Number         0  gpio_user.o ABSOLUTE
    ..\Source\laser.c                        0x00000000   Number         0  laser.o ABSOLUTE
    ..\Source\usart_user.c                   0x00000000   Number         0  usart_user.o ABSOLUTE
    ..\USER\sysconfig.c                      0x00000000   Number         0  sysconfig.o ABSOLUTE
    ..\\Bsp\\angle_and_speed\\angle_and_speed.c 0x00000000   Number         0  angle_and_speed.o ABSOLUTE
    ..\\Bsp\\ccd\\epc.c                      0x00000000   Number         0  epc.o ABSOLUTE
    ..\\HAL\\Drivers\\STM32F3xx_HAL_Driver\\Src\\stm32f3xx_hal.c 0x00000000   Number         0  stm32f3xx_hal.o ABSOLUTE
    ..\\HAL\\Drivers\\STM32F3xx_HAL_Driver\\Src\\stm32f3xx_hal_adc.c 0x00000000   Number         0  stm32f3xx_hal_adc.o ABSOLUTE
    ..\\HAL\\Drivers\\STM32F3xx_HAL_Driver\\Src\\stm32f3xx_hal_adc_ex.c 0x00000000   Number         0  stm32f3xx_hal_adc_ex.o ABSOLUTE
    ..\\HAL\\Drivers\\STM32F3xx_HAL_Driver\\Src\\stm32f3xx_hal_cortex.c 0x00000000   Number         0  stm32f3xx_hal_cortex.o ABSOLUTE
    ..\\HAL\\Drivers\\STM32F3xx_HAL_Driver\\Src\\stm32f3xx_hal_dma.c 0x00000000   Number         0  stm32f3xx_hal_dma.o ABSOLUTE
    ..\\HAL\\Drivers\\STM32F3xx_HAL_Driver\\Src\\stm32f3xx_hal_flash.c 0x00000000   Number         0  stm32f3xx_hal_flash.o ABSOLUTE
    ..\\HAL\\Drivers\\STM32F3xx_HAL_Driver\\Src\\stm32f3xx_hal_flash_ex.c 0x00000000   Number         0  stm32f3xx_hal_flash_ex.o ABSOLUTE
    ..\\HAL\\Drivers\\STM32F3xx_HAL_Driver\\Src\\stm32f3xx_hal_gpio.c 0x00000000   Number         0  stm32f3xx_hal_gpio.o ABSOLUTE
    ..\\HAL\\Drivers\\STM32F3xx_HAL_Driver\\Src\\stm32f3xx_hal_i2c.c 0x00000000   Number         0  stm32f3xx_hal_i2c.o ABSOLUTE
    ..\\HAL\\Drivers\\STM32F3xx_HAL_Driver\\Src\\stm32f3xx_hal_i2c_ex.c 0x00000000   Number         0  stm32f3xx_hal_i2c_ex.o ABSOLUTE
    ..\\HAL\\Drivers\\STM32F3xx_HAL_Driver\\Src\\stm32f3xx_hal_pwr.c 0x00000000   Number         0  stm32f3xx_hal_pwr.o ABSOLUTE
    ..\\HAL\\Drivers\\STM32F3xx_HAL_Driver\\Src\\stm32f3xx_hal_pwr_ex.c 0x00000000   Number         0  stm32f3xx_hal_pwr_ex.o ABSOLUTE
    ..\\HAL\\Drivers\\STM32F3xx_HAL_Driver\\Src\\stm32f3xx_hal_rcc.c 0x00000000   Number         0  stm32f3xx_hal_rcc.o ABSOLUTE
    ..\\HAL\\Drivers\\STM32F3xx_HAL_Driver\\Src\\stm32f3xx_hal_rcc_ex.c 0x00000000   Number         0  stm32f3xx_hal_rcc_ex.o ABSOLUTE
    ..\\HAL\\Drivers\\STM32F3xx_HAL_Driver\\Src\\stm32f3xx_hal_tim.c 0x00000000   Number         0  stm32f3xx_hal_tim.o ABSOLUTE
    ..\\HAL\\Drivers\\STM32F3xx_HAL_Driver\\Src\\stm32f3xx_hal_tim_ex.c 0x00000000   Number         0  stm32f3xx_hal_tim_ex.o ABSOLUTE
    ..\\HAL\\Drivers\\STM32F3xx_HAL_Driver\\Src\\stm32f3xx_hal_uart.c 0x00000000   Number         0  stm32f3xx_hal_uart.o ABSOLUTE
    ..\\HAL\\Drivers\\STM32F3xx_HAL_Driver\\Src\\stm32f3xx_hal_uart_ex.c 0x00000000   Number         0  stm32f3xx_hal_uart_ex.o ABSOLUTE
    ..\\HAL\\Src\\adc.c                      0x00000000   Number         0  adc.o ABSOLUTE
    ..\\HAL\\Src\\dma.c                      0x00000000   Number         0  dma.o ABSOLUTE
    ..\\HAL\\Src\\gpio.c                     0x00000000   Number         0  gpio.o ABSOLUTE
    ..\\HAL\\Src\\i2c.c                      0x00000000   Number         0  i2c.o ABSOLUTE
    ..\\HAL\\Src\\main.c                     0x00000000   Number         0  main.o ABSOLUTE
    ..\\HAL\\Src\\stm32f3xx_hal_msp.c        0x00000000   Number         0  stm32f3xx_hal_msp.o ABSOLUTE
    ..\\HAL\\Src\\stm32f3xx_it.c             0x00000000   Number         0  stm32f3xx_it.o ABSOLUTE
    ..\\HAL\\Src\\system_stm32f3xx.c         0x00000000   Number         0  system_stm32f3xx.o ABSOLUTE
    ..\\HAL\\Src\\tim.c                      0x00000000   Number         0  tim.o ABSOLUTE
    ..\\HAL\\Src\\usart.c                    0x00000000   Number         0  usart.o ABSOLUTE
    ..\\Source\\adc_user.c                   0x00000000   Number         0  adc_user.o ABSOLUTE
    ..\\Source\\delay_user.c                 0x00000000   Number         0  delay_user.o ABSOLUTE
    ..\\Source\\gpio_user.c                  0x00000000   Number         0  gpio_user.o ABSOLUTE
    ..\\Source\\laser.c                      0x00000000   Number         0  laser.o ABSOLUTE
    ..\\Source\\usart_user.c                 0x00000000   Number         0  usart_user.o ABSOLUTE
    ..\\USER\\sysconfig.c                    0x00000000   Number         0  sysconfig.o ABSOLUTE
    ..\\algorithm\\algorithm.c               0x00000000   Number         0  algorithm.o ABSOLUTE
    ..\algorithm\algorithm.c                 0x00000000   Number         0  algorithm.o ABSOLUTE
    ..\protocol\rec.c                        0x00000000   Number         0  rec.o ABSOLUTE
    ..\protocol\transmit.c                   0x00000000   Number         0  transmit.o ABSOLUTE
    dc.s                                     0x00000000   Number         0  dc.o ABSOLUTE
    handlers.s                               0x00000000   Number         0  handlers.o ABSOLUTE
    init.s                                   0x00000000   Number         0  init.o ABSOLUTE
    startup_stm32f302xc.s                    0x00000000   Number         0  startup_stm32f302xc.o ABSOLUTE
    RESET                                    0x08000000   Section      392  startup_stm32f302xc.o(RESET)
    .ARM.Collect$$$$00000000                 0x08000188   Section        0  entry.o(.ARM.Collect$$$$00000000)
    .ARM.Collect$$$$00000001                 0x08000188   Section        4  entry2.o(.ARM.Collect$$$$00000001)
    .ARM.Collect$$$$00000004                 0x0800018c   Section        4  entry5.o(.ARM.Collect$$$$00000004)
    .ARM.Collect$$$$00000008                 0x08000190   Section        0  entry7b.o(.ARM.Collect$$$$00000008)
    .ARM.Collect$$$$0000000A                 0x08000190   Section        0  entry8b.o(.ARM.Collect$$$$0000000A)
    .ARM.Collect$$$$0000000B                 0x08000190   Section        8  entry9a.o(.ARM.Collect$$$$0000000B)
    .ARM.Collect$$$$0000000D                 0x08000198   Section        0  entry10a.o(.ARM.Collect$$$$0000000D)
    .ARM.Collect$$$$0000000F                 0x08000198   Section        0  entry11a.o(.ARM.Collect$$$$0000000F)
    .ARM.Collect$$$$00002712                 0x08000198   Section        4  entry2.o(.ARM.Collect$$$$00002712)
    __lit__00000000                          0x08000198   Data           4  entry2.o(.ARM.Collect$$$$00002712)
    .text                                    0x0800019c   Section       36  startup_stm32f302xc.o(.text)
    $v0                                      0x0800019c   Number         0  startup_stm32f302xc.o(.text)
    .text                                    0x080001c0   Section       36  init.o(.text)
    i.ADC_DMAConvCplt                        0x080001e4   Section        0  stm32f3xx_hal_adc_ex.o(i.ADC_DMAConvCplt)
    ADC_DMAConvCplt                          0x080001e5   Thumb Code    78  stm32f3xx_hal_adc_ex.o(i.ADC_DMAConvCplt)
    i.ADC_DMAError                           0x08000232   Section        0  stm32f3xx_hal_adc_ex.o(i.ADC_DMAError)
    ADC_DMAError                             0x08000233   Thumb Code    30  stm32f3xx_hal_adc_ex.o(i.ADC_DMAError)
    i.ADC_DMAHalfConvCplt                    0x08000250   Section        0  stm32f3xx_hal_adc_ex.o(i.ADC_DMAHalfConvCplt)
    ADC_DMAHalfConvCplt                      0x08000251   Thumb Code    14  stm32f3xx_hal_adc_ex.o(i.ADC_DMAHalfConvCplt)
    i.ADC_Disable                            0x0800025e   Section        0  stm32f3xx_hal_adc_ex.o(i.ADC_Disable)
    ADC_Disable                              0x0800025f   Thumb Code   152  stm32f3xx_hal_adc_ex.o(i.ADC_Disable)
    i.ADC_Enable                             0x080002f8   Section        0  stm32f3xx_hal_adc_ex.o(i.ADC_Enable)
    ADC_Enable                               0x080002f9   Thumb Code   140  stm32f3xx_hal_adc_ex.o(i.ADC_Enable)
    i.BusFault_Handler                       0x08000388   Section        0  stm32f3xx_it.o(i.BusFault_Handler)
    i.ClearData                              0x0800038c   Section        0  epc.o(i.ClearData)
    i.DMA1_Channel1_IRQHandler               0x080003b4   Section        0  stm32f3xx_it.o(i.DMA1_Channel1_IRQHandler)
    i.DMA1_Channel4_IRQHandler               0x080003c4   Section        0  stm32f3xx_it.o(i.DMA1_Channel4_IRQHandler)
    i.DMA1_Channel5_IRQHandler               0x080003d4   Section        0  stm32f3xx_it.o(i.DMA1_Channel5_IRQHandler)
    i.DMA_SetConfig                          0x080003e4   Section        0  stm32f3xx_hal_dma.o(i.DMA_SetConfig)
    DMA_SetConfig                            0x080003e5   Thumb Code    32  stm32f3xx_hal_dma.o(i.DMA_SetConfig)
    i.DebugMon_Handler                       0x08000404   Section        0  stm32f3xx_it.o(i.DebugMon_Handler)
    i.EXTI15_10_IRQHandler                   0x08000406   Section        0  stm32f3xx_it.o(i.EXTI15_10_IRQHandler)
    i.Error_Handler                          0x08000412   Section        0  main.o(i.Error_Handler)
    i.HAL_ADCEx_MultiModeConfigChannel       0x08000418   Section        0  stm32f3xx_hal_adc_ex.o(i.HAL_ADCEx_MultiModeConfigChannel)
    i.HAL_ADC_ConfigChannel                  0x08000660   Section        0  stm32f3xx_hal_adc_ex.o(i.HAL_ADC_ConfigChannel)
    i.HAL_ADC_ConvCpltCallback               0x08000d10   Section        0  epc.o(i.HAL_ADC_ConvCpltCallback)
    i.HAL_ADC_ConvHalfCpltCallback           0x08000d3c   Section        0  stm32f3xx_hal_adc.o(i.HAL_ADC_ConvHalfCpltCallback)
    i.HAL_ADC_ErrorCallback                  0x08000d3e   Section        0  stm32f3xx_hal_adc.o(i.HAL_ADC_ErrorCallback)
    i.HAL_ADC_Init                           0x08000d40   Section        0  stm32f3xx_hal_adc_ex.o(i.HAL_ADC_Init)
    i.HAL_ADC_MspInit                        0x080011b8   Section        0  adc.o(i.HAL_ADC_MspInit)
    i.HAL_ADC_Start_DMA                      0x08001294   Section        0  stm32f3xx_hal_adc_ex.o(i.HAL_ADC_Start_DMA)
    i.HAL_DMA_IRQHandler                     0x08001454   Section        0  stm32f3xx_hal_dma.o(i.HAL_DMA_IRQHandler)
    i.HAL_DMA_Init                           0x08001d5c   Section        0  stm32f3xx_hal_dma.o(i.HAL_DMA_Init)
    i.HAL_DMA_Start_IT                       0x08001f30   Section        0  stm32f3xx_hal_dma.o(i.HAL_DMA_Start_IT)
    i.HAL_GPIO_EXTI_Callback                 0x08001ff8   Section        0  epc.o(i.HAL_GPIO_EXTI_Callback)
    i.HAL_GPIO_EXTI_IRQHandler               0x08002008   Section        0  stm32f3xx_hal_gpio.o(i.HAL_GPIO_EXTI_IRQHandler)
    i.HAL_GPIO_Init                          0x08002024   Section        0  stm32f3xx_hal_gpio.o(i.HAL_GPIO_Init)
    i.HAL_GPIO_WritePin                      0x08002388   Section        0  stm32f3xx_hal_gpio.o(i.HAL_GPIO_WritePin)
    i.HAL_GetTick                            0x08002404   Section        0  stm32f3xx_hal.o(i.HAL_GetTick)
    i.HAL_I2CEx_ConfigAnalogFilter           0x08002410   Section        0  stm32f3xx_hal_i2c_ex.o(i.HAL_I2CEx_ConfigAnalogFilter)
    i.HAL_I2C_Init                           0x080024f4   Section        0  stm32f3xx_hal_i2c.o(i.HAL_I2C_Init)
    i.HAL_I2C_MspInit                        0x080026d0   Section        0  i2c.o(i.HAL_I2C_MspInit)
    i.HAL_IncTick                            0x08002728   Section        0  stm32f3xx_hal.o(i.HAL_IncTick)
    i.HAL_Init                               0x08002738   Section        0  stm32f3xx_hal.o(i.HAL_Init)
    i.HAL_InitTick                           0x08002760   Section        0  stm32f3xx_hal.o(i.HAL_InitTick)
    i.HAL_MspInit                            0x08002788   Section        0  stm32f3xx_hal_msp.o(i.HAL_MspInit)
    i.HAL_NVIC_EnableIRQ                     0x08002800   Section        0  stm32f3xx_hal_cortex.o(i.HAL_NVIC_EnableIRQ)
    i.HAL_NVIC_SetPriority                   0x0800286c   Section        0  stm32f3xx_hal_cortex.o(i.HAL_NVIC_SetPriority)
    i.HAL_NVIC_SetPriorityGrouping           0x08002944   Section        0  stm32f3xx_hal_cortex.o(i.HAL_NVIC_SetPriorityGrouping)
    i.HAL_RCCEx_PeriphCLKConfig              0x080029d0   Section        0  stm32f3xx_hal_rcc_ex.o(i.HAL_RCCEx_PeriphCLKConfig)
    i.HAL_RCC_ClockConfig                    0x08002ea4   Section        0  stm32f3xx_hal_rcc.o(i.HAL_RCC_ClockConfig)
    i.HAL_RCC_GetHCLKFreq                    0x080032e0   Section        0  stm32f3xx_hal_rcc.o(i.HAL_RCC_GetHCLKFreq)
    i.HAL_RCC_GetPCLK1Freq                   0x080032ec   Section        0  stm32f3xx_hal_rcc.o(i.HAL_RCC_GetPCLK1Freq)
    i.HAL_RCC_GetPCLK2Freq                   0x08003318   Section        0  stm32f3xx_hal_rcc.o(i.HAL_RCC_GetPCLK2Freq)
    i.HAL_RCC_GetSysClockFreq                0x08003344   Section        0  stm32f3xx_hal_rcc.o(i.HAL_RCC_GetSysClockFreq)
    i.HAL_RCC_OscConfig                      0x080033d0   Section        0  stm32f3xx_hal_rcc.o(i.HAL_RCC_OscConfig)
    i.HAL_SYSTICK_CLKSourceConfig            0x08003f84   Section        0  stm32f3xx_hal_cortex.o(i.HAL_SYSTICK_CLKSourceConfig)
    i.HAL_SYSTICK_Callback                   0x08004004   Section        0  stm32f3xx_hal_cortex.o(i.HAL_SYSTICK_Callback)
    i.HAL_SYSTICK_Config                     0x08004006   Section        0  stm32f3xx_hal_cortex.o(i.HAL_SYSTICK_Config)
    i.HAL_SYSTICK_IRQHandler                 0x0800403a   Section        0  stm32f3xx_hal_cortex.o(i.HAL_SYSTICK_IRQHandler)
    i.HAL_TIMEx_BreakCallback                0x08004042   Section        0  stm32f3xx_hal_tim_ex.o(i.HAL_TIMEx_BreakCallback)
    i.HAL_TIMEx_CommutationCallback          0x08004044   Section        0  stm32f3xx_hal_tim_ex.o(i.HAL_TIMEx_CommutationCallback)
    i.HAL_TIMEx_ConfigBreakDeadTime          0x08004048   Section        0  stm32f3xx_hal_tim_ex.o(i.HAL_TIMEx_ConfigBreakDeadTime)
    i.HAL_TIMEx_MasterConfigSynchronization  0x08004260   Section        0  stm32f3xx_hal_tim_ex.o(i.HAL_TIMEx_MasterConfigSynchronization)
    i.HAL_TIM_Base_Init                      0x08004434   Section        0  stm32f3xx_hal_tim.o(i.HAL_TIM_Base_Init)
    i.HAL_TIM_Base_MspInit                   0x08004550   Section        0  tim.o(i.HAL_TIM_Base_MspInit)
    i.HAL_TIM_ConfigClockSource              0x08004714   Section        0  stm32f3xx_hal_tim.o(i.HAL_TIM_ConfigClockSource)
    i.HAL_TIM_IC_CaptureCallback             0x08004c98   Section        0  angle_and_speed.o(i.HAL_TIM_IC_CaptureCallback)
    i.HAL_TIM_IC_ConfigChannel               0x08004df8   Section        0  stm32f3xx_hal_tim.o(i.HAL_TIM_IC_ConfigChannel)
    i.HAL_TIM_IC_Init                        0x0800506c   Section        0  stm32f3xx_hal_tim.o(i.HAL_TIM_IC_Init)
    i.HAL_TIM_IC_MspInit                     0x0800518c   Section        0  stm32f3xx_hal_tim.o(i.HAL_TIM_IC_MspInit)
    i.HAL_TIM_IRQHandler                     0x0800518e   Section        0  stm32f3xx_hal_tim.o(i.HAL_TIM_IRQHandler)
    i.HAL_TIM_MspPostInit                    0x08005324   Section        0  tim.o(i.HAL_TIM_MspPostInit)
    i.HAL_TIM_OC_ConfigChannel               0x080053ac   Section        0  stm32f3xx_hal_tim_ex.o(i.HAL_TIM_OC_ConfigChannel)
    i.HAL_TIM_OC_DelayElapsedCallback        0x08005614   Section        0  epc.o(i.HAL_TIM_OC_DelayElapsedCallback)
    i.HAL_TIM_OC_Init                        0x08005618   Section        0  stm32f3xx_hal_tim.o(i.HAL_TIM_OC_Init)
    i.HAL_TIM_OC_MspInit                     0x08005738   Section        0  stm32f3xx_hal_tim.o(i.HAL_TIM_OC_MspInit)
    i.HAL_TIM_PWM_ConfigChannel              0x0800573c   Section        0  stm32f3xx_hal_tim_ex.o(i.HAL_TIM_PWM_ConfigChannel)
    i.HAL_TIM_PWM_Init                       0x08005a98   Section        0  stm32f3xx_hal_tim.o(i.HAL_TIM_PWM_Init)
    i.HAL_TIM_PWM_MspInit                    0x08005bb8   Section        0  stm32f3xx_hal_tim.o(i.HAL_TIM_PWM_MspInit)
    i.HAL_TIM_PWM_PulseFinishedCallback      0x08005bba   Section        0  stm32f3xx_hal_tim.o(i.HAL_TIM_PWM_PulseFinishedCallback)
    i.HAL_TIM_PWM_Start                      0x08005bbc   Section        0  stm32f3xx_hal_tim.o(i.HAL_TIM_PWM_Start)
    i.HAL_TIM_PWM_Stop                       0x08005cf4   Section        0  stm32f3xx_hal_tim.o(i.HAL_TIM_PWM_Stop)
    i.HAL_TIM_PeriodElapsedCallback          0x08005e68   Section        0  stm32f3xx_hal_tim.o(i.HAL_TIM_PeriodElapsedCallback)
    i.HAL_TIM_TriggerCallback                0x08005e6a   Section        0  stm32f3xx_hal_tim.o(i.HAL_TIM_TriggerCallback)
    i.HAL_UARTEx_WakeupCallback              0x08005e6c   Section        0  stm32f3xx_hal_uart_ex.o(i.HAL_UARTEx_WakeupCallback)
    i.HAL_UART_ErrorCallback                 0x08005e6e   Section        0  stm32f3xx_hal_uart.o(i.HAL_UART_ErrorCallback)
    i.HAL_UART_IRQHandler                    0x08005e70   Section        0  stm32f3xx_hal_uart.o(i.HAL_UART_IRQHandler)
    i.HAL_UART_Init                          0x08005f8c   Section        0  stm32f3xx_hal_uart.o(i.HAL_UART_Init)
    i.HAL_UART_MspInit                       0x080060b0   Section        0  usart.o(i.HAL_UART_MspInit)
    i.HAL_UART_RxCpltCallback                0x08006188   Section        0  stm32f3xx_hal_uart.o(i.HAL_UART_RxCpltCallback)
    i.HAL_UART_TxCpltCallback                0x0800618a   Section        0  stm32f3xx_hal_uart.o(i.HAL_UART_TxCpltCallback)
    i.HardFault_Handler                      0x0800618c   Section        0  stm32f3xx_it.o(i.HardFault_Handler)
    i.MX_ADC1_Init                           0x08006190   Section        0  adc.o(i.MX_ADC1_Init)
    i.MX_ADC2_Init                           0x08006218   Section        0  adc.o(i.MX_ADC2_Init)
    i.MX_DMA_Init                            0x08006280   Section        0  dma.o(i.MX_DMA_Init)
    i.MX_GPIO_Init                           0x080062d4   Section        0  gpio.o(i.MX_GPIO_Init)
    i.MX_I2C1_Init                           0x080063ac   Section        0  i2c.o(i.MX_I2C1_Init)
    i.MX_TIM15_Init                          0x080063f4   Section        0  tim.o(i.MX_TIM15_Init)
    i.MX_TIM16_Init                          0x0800647c   Section        0  tim.o(i.MX_TIM16_Init)
    i.MX_TIM1_Init                           0x080064ac   Section        0  tim.o(i.MX_TIM1_Init)
    i.MX_TIM2_Init                           0x08006574   Section        0  tim.o(i.MX_TIM2_Init)
    i.MX_TIM3_Init                           0x08006600   Section        0  tim.o(i.MX_TIM3_Init)
    i.MX_TIM4_Init                           0x0800668c   Section        0  tim.o(i.MX_TIM4_Init)
    i.MX_TIM6_Init                           0x08006714   Section        0  tim.o(i.MX_TIM6_Init)
    i.MX_USART1_UART_Init                    0x08006758   Section        0  usart.o(i.MX_USART1_UART_Init)
    i.MemManage_Handler                      0x08006798   Section        0  stm32f3xx_it.o(i.MemManage_Handler)
    i.NMI_Handler                            0x0800679c   Section        0  stm32f3xx_it.o(i.NMI_Handler)
    i.NVIC_GetPriorityGrouping               0x080067a0   Section        0  stm32f3xx_hal_cortex.o(i.NVIC_GetPriorityGrouping)
    NVIC_GetPriorityGrouping                 0x080067a1   Thumb Code    10  stm32f3xx_hal_cortex.o(i.NVIC_GetPriorityGrouping)
    i.NVIC_SetPriority                       0x080067b0   Section        0  stm32f3xx_hal_cortex.o(i.NVIC_SetPriority)
    NVIC_SetPriority                         0x080067b1   Thumb Code    32  stm32f3xx_hal_cortex.o(i.NVIC_SetPriority)
    i.PendSV_Handler                         0x080067d8   Section        0  stm32f3xx_it.o(i.PendSV_Handler)
    i.SVC_Handler                            0x080067da   Section        0  stm32f3xx_it.o(i.SVC_Handler)
    i.StartRead                              0x080067dc   Section        0  epc.o(i.StartRead)
    i.SysTick_Handler                        0x08006800   Section        0  stm32f3xx_it.o(i.SysTick_Handler)
    i.SystemClock_Config                     0x0800680c   Section        0  main.o(i.SystemClock_Config)
    i.SystemInit                             0x080068a4   Section        0  system_stm32f3xx.o(i.SystemInit)
    i.TIM1_BRK_TIM15_IRQHandler              0x08006920   Section        0  stm32f3xx_it.o(i.TIM1_BRK_TIM15_IRQHandler)
    i.TIM1_UP_TIM16_IRQHandler               0x08006938   Section        0  stm32f3xx_it.o(i.TIM1_UP_TIM16_IRQHandler)
    i.TIM2_IRQHandler                        0x08006950   Section        0  stm32f3xx_it.o(i.TIM2_IRQHandler)
    i.TIM4_IRQHandler                        0x08006960   Section        0  stm32f3xx_it.o(i.TIM4_IRQHandler)
    i.TIM_Base_SetConfig                     0x08006970   Section        0  stm32f3xx_hal_tim.o(i.TIM_Base_SetConfig)
    i.TIM_CCxChannelCmd                      0x08006a0c   Section        0  stm32f3xx_hal_tim.o(i.TIM_CCxChannelCmd)
    i.TIM_ETR_SetConfig                      0x08006ae4   Section        0  stm32f3xx_hal_tim.o(i.TIM_ETR_SetConfig)
    i.TIM_ITRx_SetConfig                     0x08006afc   Section        0  stm32f3xx_hal_tim.o(i.TIM_ITRx_SetConfig)
    TIM_ITRx_SetConfig                       0x08006afd   Thumb Code    20  stm32f3xx_hal_tim.o(i.TIM_ITRx_SetConfig)
    i.TIM_OC1_SetConfig                      0x08006b10   Section        0  stm32f3xx_hal_tim.o(i.TIM_OC1_SetConfig)
    i.TIM_OC2_SetConfig                      0x08006c44   Section        0  stm32f3xx_hal_tim.o(i.TIM_OC2_SetConfig)
    i.TIM_OC3_SetConfig                      0x08006d80   Section        0  stm32f3xx_hal_tim.o(i.TIM_OC3_SetConfig)
    i.TIM_OC4_SetConfig                      0x08006ebc   Section        0  stm32f3xx_hal_tim.o(i.TIM_OC4_SetConfig)
    i.TIM_OC5_SetConfig                      0x08006f8c   Section        0  stm32f3xx_hal_tim_ex.o(i.TIM_OC5_SetConfig)
    TIM_OC5_SetConfig                        0x08006f8d   Thumb Code    86  stm32f3xx_hal_tim_ex.o(i.TIM_OC5_SetConfig)
    i.TIM_OC6_SetConfig                      0x08006ff8   Section        0  stm32f3xx_hal_tim_ex.o(i.TIM_OC6_SetConfig)
    TIM_OC6_SetConfig                        0x08006ff9   Thumb Code    88  stm32f3xx_hal_tim_ex.o(i.TIM_OC6_SetConfig)
    i.TIM_TI1_ConfigInputStage               0x08007064   Section        0  stm32f3xx_hal_tim.o(i.TIM_TI1_ConfigInputStage)
    TIM_TI1_ConfigInputStage                 0x08007065   Thumb Code    42  stm32f3xx_hal_tim.o(i.TIM_TI1_ConfigInputStage)
    i.TIM_TI1_SetConfig                      0x08007090   Section        0  stm32f3xx_hal_tim.o(i.TIM_TI1_SetConfig)
    i.TIM_TI2_ConfigInputStage               0x08007104   Section        0  stm32f3xx_hal_tim.o(i.TIM_TI2_ConfigInputStage)
    TIM_TI2_ConfigInputStage                 0x08007105   Thumb Code    44  stm32f3xx_hal_tim.o(i.TIM_TI2_ConfigInputStage)
    i.TIM_TI2_SetConfig                      0x08007130   Section        0  stm32f3xx_hal_tim.o(i.TIM_TI2_SetConfig)
    TIM_TI2_SetConfig                        0x08007131   Thumb Code    62  stm32f3xx_hal_tim.o(i.TIM_TI2_SetConfig)
    i.TIM_TI3_SetConfig                      0x0800716e   Section        0  stm32f3xx_hal_tim.o(i.TIM_TI3_SetConfig)
    TIM_TI3_SetConfig                        0x0800716f   Thumb Code    60  stm32f3xx_hal_tim.o(i.TIM_TI3_SetConfig)
    i.TIM_TI4_SetConfig                      0x080071aa   Section        0  stm32f3xx_hal_tim.o(i.TIM_TI4_SetConfig)
    TIM_TI4_SetConfig                        0x080071ab   Thumb Code    64  stm32f3xx_hal_tim.o(i.TIM_TI4_SetConfig)
    i.UART_AdvFeatureConfig                  0x080071ec   Section        0  stm32f3xx_hal_uart.o(i.UART_AdvFeatureConfig)
    i.UART_CheckIdleState                    0x08007448   Section        0  stm32f3xx_hal_uart.o(i.UART_CheckIdleState)
    i.UART_EndTransmit_IT                    0x080074a8   Section        0  stm32f3xx_hal_uart.o(i.UART_EndTransmit_IT)
    i.UART_Receive_IT                        0x080074c8   Section        0  stm32f3xx_hal_uart.o(i.UART_Receive_IT)
    i.UART_SetConfig                         0x0800755c   Section        0  stm32f3xx_hal_uart.o(i.UART_SetConfig)
    i.UART_Transmit_IT                       0x08007970   Section        0  stm32f3xx_hal_uart.o(i.UART_Transmit_IT)
    i.UART_WaitOnFlagUntilTimeout            0x080079da   Section        0  stm32f3xx_hal_uart.o(i.UART_WaitOnFlagUntilTimeout)
    i.USART1_IRQHandler                      0x08007adc   Section        0  stm32f3xx_it.o(i.USART1_IRQHandler)
    i.UsageFault_Handler                     0x08007aec   Section        0  stm32f3xx_it.o(i.UsageFault_Handler)
    i.__scatterload_copy                     0x08007af0   Section       14  handlers.o(i.__scatterload_copy)
    i.__scatterload_null                     0x08007afe   Section        2  handlers.o(i.__scatterload_null)
    i.__scatterload_zeroinit                 0x08007b00   Section       14  handlers.o(i.__scatterload_zeroinit)
    i.assert_failed                          0x08007b0e   Section        0  main.o(i.assert_failed)
    i.main                                   0x08007b10   Section        0  main.o(i.main)
    .constdata                               0x08007b50   Section       24  system_stm32f3xx.o(.constdata)
    .constdata                               0x08007b68   Section       32  stm32f3xx_hal_rcc.o(.constdata)
    .ARM.__AT_0x0800800C                     0x0800800c   Section        4  sysconfig.o(.ARM.__AT_0x0800800C)
    .data                                    0x20000000   Section        4  system_stm32f3xx.o(.data)
    .data                                    0x20000004   Section        4  adc.o(.data)
    HAL_RCC_ADC12_CLK_ENABLED                0x20000004   Data           4  adc.o(.data)
    .data                                    0x20000008   Section        4  stm32f3xx_hal.o(.data)
    .data                                    0x2000000c   Section       24  angle_and_speed.o(.data)
    LidarStall                               0x2000000c   Data           1  angle_and_speed.o(.data)
    CaptureState                             0x2000000d   Data           1  angle_and_speed.o(.data)
    PulseWidth                               0x20000010   Data           4  angle_and_speed.o(.data)
    Period                                   0x20000014   Data           2  angle_and_speed.o(.data)
    GratingIndex                             0x20000016   Data           1  angle_and_speed.o(.data)
    AngularSpeed                             0x20000018   Data           4  angle_and_speed.o(.data)
    TimePerCircle                            0x2000001c   Data           4  angle_and_speed.o(.data)
    ZeroFlag                                 0x20000020   Data           1  angle_and_speed.o(.data)
    PulseWidthDataReady                      0x20000021   Data           1  angle_and_speed.o(.data)
    LevelThreshold                           0x20000022   Data           2  angle_and_speed.o(.data)
    .data                                    0x20000024   Section        1  epc.o(.data)
    .bss                                     0x20000028   Section      228  adc.o(.bss)
    .bss                                     0x2000010c   Section       76  i2c.o(.bss)
    .bss                                     0x20000158   Section      420  tim.o(.bss)
    .bss                                     0x200002fc   Section      232  usart.o(.bss)
    .bss                                     0x200003e4   Section    15430  sysconfig.o(.bss)
    .bss                                     0x2000402c   Section      240  angle_and_speed.o(.bss)
    GratingPulseWidth                        0x2000402c   Data          60  angle_and_speed.o(.bss)
    STACK                                    0x20004120   Section     1024  startup_stm32f302xc.o(STACK)

    Global Symbols

    Symbol Name                              Value     Ov Type        Size  Object(Section)

    BuildAttributes$$THM_ISAv4$E$P$D$K$B$S$7EM$VFPi3$EXTD16$VFPS$VFMA$PE$A:L22UL41UL21$X:L11$S22US41US21$IEEE1$IW$USESV6$~STKCKD$USESV7$~SHL$OTIME$ROPI$EBA8$MICROLIB$REQ8$PRES8$EABIv2 0x00000000   Number         0  anon$$obj.o ABSOLUTE
    __ARM_use_no_argv                        0x00000000   Number         0  main.o ABSOLUTE
    __use_no_errno                           0x00000000   Number         0  useno.o ABSOLUTE
    __use_no_exception_handling              0x00000000   Number         0  useno.o ABSOLUTE
    __use_no_fp                              0x00000000   Number         0  useno.o ABSOLUTE
    __use_no_heap                            0x00000000   Number         0  useno.o ABSOLUTE
    __use_no_heap_region                     0x00000000   Number         0  useno.o ABSOLUTE
    __use_no_semihosting                     0x00000000   Number         0  useno.o ABSOLUTE
    __use_no_semihosting_swi                 0x00000000   Number         0  useno.o ABSOLUTE
    __use_no_signal_handling                 0x00000000   Number         0  useno.o ABSOLUTE
    __cpp_initialize__aeabi_                  - Undefined Weak Reference
    __cxa_finalize                            - Undefined Weak Reference
    __decompress                              - Undefined Weak Reference
    _clock_init                               - Undefined Weak Reference
    _microlib_exit                            - Undefined Weak Reference
    __Vectors_Size                           0x00000188   Number         0  startup_stm32f302xc.o ABSOLUTE
    __Vectors                                0x08000000   Data           4  startup_stm32f302xc.o(RESET)
    __Vectors_End                            0x08000188   Data           0  startup_stm32f302xc.o(RESET)
    __main                                   0x08000189   Thumb Code     0  entry.o(.ARM.Collect$$$$00000000)
    _main_stk                                0x08000189   Thumb Code     0  entry2.o(.ARM.Collect$$$$00000001)
    _main_scatterload                        0x0800018d   Thumb Code     0  entry5.o(.ARM.Collect$$$$00000004)
    __main_after_scatterload                 0x08000191   Thumb Code     0  entry5.o(.ARM.Collect$$$$00000004)
    _main_clock                              0x08000191   Thumb Code     0  entry7b.o(.ARM.Collect$$$$00000008)
    _main_cpp_init                           0x08000191   Thumb Code     0  entry8b.o(.ARM.Collect$$$$0000000A)
    _main_init                               0x08000191   Thumb Code     0  entry9a.o(.ARM.Collect$$$$0000000B)
    __rt_final_cpp                           0x08000199   Thumb Code     0  entry10a.o(.ARM.Collect$$$$0000000D)
    __rt_final_exit                          0x08000199   Thumb Code     0  entry11a.o(.ARM.Collect$$$$0000000F)
    Reset_Handler                            0x0800019d   Thumb Code     8  startup_stm32f302xc.o(.text)
    ADC1_2_IRQHandler                        0x080001b7   Thumb Code     0  startup_stm32f302xc.o(.text)
    CAN_RX1_IRQHandler                       0x080001b7   Thumb Code     0  startup_stm32f302xc.o(.text)
    CAN_SCE_IRQHandler                       0x080001b7   Thumb Code     0  startup_stm32f302xc.o(.text)
    COMP1_2_IRQHandler                       0x080001b7   Thumb Code     0  startup_stm32f302xc.o(.text)
    COMP4_6_IRQHandler                       0x080001b7   Thumb Code     0  startup_stm32f302xc.o(.text)
    DMA1_Channel2_IRQHandler                 0x080001b7   Thumb Code     0  startup_stm32f302xc.o(.text)
    DMA1_Channel3_IRQHandler                 0x080001b7   Thumb Code     0  startup_stm32f302xc.o(.text)
    DMA1_Channel6_IRQHandler                 0x080001b7   Thumb Code     0  startup_stm32f302xc.o(.text)
    DMA1_Channel7_IRQHandler                 0x080001b7   Thumb Code     0  startup_stm32f302xc.o(.text)
    DMA2_Channel1_IRQHandler                 0x080001b7   Thumb Code     0  startup_stm32f302xc.o(.text)
    DMA2_Channel2_IRQHandler                 0x080001b7   Thumb Code     0  startup_stm32f302xc.o(.text)
    DMA2_Channel3_IRQHandler                 0x080001b7   Thumb Code     0  startup_stm32f302xc.o(.text)
    DMA2_Channel4_IRQHandler                 0x080001b7   Thumb Code     0  startup_stm32f302xc.o(.text)
    DMA2_Channel5_IRQHandler                 0x080001b7   Thumb Code     0  startup_stm32f302xc.o(.text)
    EXTI0_IRQHandler                         0x080001b7   Thumb Code     0  startup_stm32f302xc.o(.text)
    EXTI1_IRQHandler                         0x080001b7   Thumb Code     0  startup_stm32f302xc.o(.text)
    EXTI2_TSC_IRQHandler                     0x080001b7   Thumb Code     0  startup_stm32f302xc.o(.text)
    EXTI3_IRQHandler                         0x080001b7   Thumb Code     0  startup_stm32f302xc.o(.text)
    EXTI4_IRQHandler                         0x080001b7   Thumb Code     0  startup_stm32f302xc.o(.text)
    EXTI9_5_IRQHandler                       0x080001b7   Thumb Code     0  startup_stm32f302xc.o(.text)
    FLASH_IRQHandler                         0x080001b7   Thumb Code     0  startup_stm32f302xc.o(.text)
    FPU_IRQHandler                           0x080001b7   Thumb Code     0  startup_stm32f302xc.o(.text)
    I2C1_ER_IRQHandler                       0x080001b7   Thumb Code     0  startup_stm32f302xc.o(.text)
    I2C1_EV_IRQHandler                       0x080001b7   Thumb Code     0  startup_stm32f302xc.o(.text)
    I2C2_ER_IRQHandler                       0x080001b7   Thumb Code     0  startup_stm32f302xc.o(.text)
    I2C2_EV_IRQHandler                       0x080001b7   Thumb Code     0  startup_stm32f302xc.o(.text)
    PVD_IRQHandler                           0x080001b7   Thumb Code     0  startup_stm32f302xc.o(.text)
    RCC_IRQHandler                           0x080001b7   Thumb Code     0  startup_stm32f302xc.o(.text)
    RTC_Alarm_IRQHandler                     0x080001b7   Thumb Code     0  startup_stm32f302xc.o(.text)
    RTC_WKUP_IRQHandler                      0x080001b7   Thumb Code     0  startup_stm32f302xc.o(.text)
    SPI1_IRQHandler                          0x080001b7   Thumb Code     0  startup_stm32f302xc.o(.text)
    SPI2_IRQHandler                          0x080001b7   Thumb Code     0  startup_stm32f302xc.o(.text)
    SPI3_IRQHandler                          0x080001b7   Thumb Code     0  startup_stm32f302xc.o(.text)
    TAMP_STAMP_IRQHandler                    0x080001b7   Thumb Code     0  startup_stm32f302xc.o(.text)
    TIM1_CC_IRQHandler                       0x080001b7   Thumb Code     0  startup_stm32f302xc.o(.text)
    TIM1_TRG_COM_TIM17_IRQHandler            0x080001b7   Thumb Code     0  startup_stm32f302xc.o(.text)
    TIM3_IRQHandler                          0x080001b7   Thumb Code     0  startup_stm32f302xc.o(.text)
    TIM6_DAC_IRQHandler                      0x080001b7   Thumb Code     0  startup_stm32f302xc.o(.text)
    UART4_IRQHandler                         0x080001b7   Thumb Code     0  startup_stm32f302xc.o(.text)
    UART5_IRQHandler                         0x080001b7   Thumb Code     0  startup_stm32f302xc.o(.text)
    USART2_IRQHandler                        0x080001b7   Thumb Code     0  startup_stm32f302xc.o(.text)
    USART3_IRQHandler                        0x080001b7   Thumb Code     0  startup_stm32f302xc.o(.text)
    USBWakeUp_IRQHandler                     0x080001b7   Thumb Code     0  startup_stm32f302xc.o(.text)
    USBWakeUp_RMP_IRQHandler                 0x080001b7   Thumb Code     0  startup_stm32f302xc.o(.text)
    USB_HP_CAN_TX_IRQHandler                 0x080001b7   Thumb Code     0  startup_stm32f302xc.o(.text)
    USB_HP_IRQHandler                        0x080001b7   Thumb Code     0  startup_stm32f302xc.o(.text)
    USB_LP_CAN_RX0_IRQHandler                0x080001b7   Thumb Code     0  startup_stm32f302xc.o(.text)
    USB_LP_IRQHandler                        0x080001b7   Thumb Code     0  startup_stm32f302xc.o(.text)
    WWDG_IRQHandler                          0x080001b7   Thumb Code     0  startup_stm32f302xc.o(.text)
    __scatterload                            0x080001c1   Thumb Code    28  init.o(.text)
    __scatterload_rt2                        0x080001c1   Thumb Code     0  init.o(.text)
    BusFault_Handler                         0x08000389   Thumb Code     4  stm32f3xx_it.o(i.BusFault_Handler)
    ClearData                                0x0800038d   Thumb Code    36  epc.o(i.ClearData)
    DMA1_Channel1_IRQHandler                 0x080003b5   Thumb Code    10  stm32f3xx_it.o(i.DMA1_Channel1_IRQHandler)
    DMA1_Channel4_IRQHandler                 0x080003c5   Thumb Code    10  stm32f3xx_it.o(i.DMA1_Channel4_IRQHandler)
    DMA1_Channel5_IRQHandler                 0x080003d5   Thumb Code    10  stm32f3xx_it.o(i.DMA1_Channel5_IRQHandler)
    DebugMon_Handler                         0x08000405   Thumb Code     2  stm32f3xx_it.o(i.DebugMon_Handler)
    EXTI15_10_IRQHandler                     0x08000407   Thumb Code    12  stm32f3xx_it.o(i.EXTI15_10_IRQHandler)
    Error_Handler                            0x08000413   Thumb Code     4  main.o(i.Error_Handler)
    HAL_ADCEx_MultiModeConfigChannel         0x08000419   Thumb Code   510  stm32f3xx_hal_adc_ex.o(i.HAL_ADCEx_MultiModeConfigChannel)
    HAL_ADC_ConfigChannel                    0x08000661   Thumb Code  1692  stm32f3xx_hal_adc_ex.o(i.HAL_ADC_ConfigChannel)
    HAL_ADC_ConvCpltCallback                 0x08000d11   Thumb Code    30  epc.o(i.HAL_ADC_ConvCpltCallback)
    HAL_ADC_ConvHalfCpltCallback             0x08000d3d   Thumb Code     2  stm32f3xx_hal_adc.o(i.HAL_ADC_ConvHalfCpltCallback)
    HAL_ADC_ErrorCallback                    0x08000d3f   Thumb Code     2  stm32f3xx_hal_adc.o(i.HAL_ADC_ErrorCallback)
    HAL_ADC_Init                             0x08000d41   Thumb Code  1142  stm32f3xx_hal_adc_ex.o(i.HAL_ADC_Init)
    HAL_ADC_MspInit                          0x080011b9   Thumb Code   200  adc.o(i.HAL_ADC_MspInit)
    HAL_ADC_Start_DMA                        0x08001295   Thumb Code   362  stm32f3xx_hal_adc_ex.o(i.HAL_ADC_Start_DMA)
    HAL_DMA_IRQHandler                       0x08001455   Thumb Code  2304  stm32f3xx_hal_dma.o(i.HAL_DMA_IRQHandler)
    HAL_DMA_Init                             0x08001d5d   Thumb Code   398  stm32f3xx_hal_dma.o(i.HAL_DMA_Init)
    HAL_DMA_Start_IT                         0x08001f31   Thumb Code   138  stm32f3xx_hal_dma.o(i.HAL_DMA_Start_IT)
    HAL_GPIO_EXTI_Callback                   0x08001ff9   Thumb Code    16  epc.o(i.HAL_GPIO_EXTI_Callback)
    HAL_GPIO_EXTI_IRQHandler                 0x08002009   Thumb Code    24  stm32f3xx_hal_gpio.o(i.HAL_GPIO_EXTI_IRQHandler)
    HAL_GPIO_Init                            0x08002025   Thumb Code   746  stm32f3xx_hal_gpio.o(i.HAL_GPIO_Init)
    HAL_GPIO_WritePin                        0x08002389   Thumb Code    58  stm32f3xx_hal_gpio.o(i.HAL_GPIO_WritePin)
    HAL_GetTick                              0x08002405   Thumb Code     6  stm32f3xx_hal.o(i.HAL_GetTick)
    HAL_I2CEx_ConfigAnalogFilter             0x08002411   Thumb Code   154  stm32f3xx_hal_i2c_ex.o(i.HAL_I2CEx_ConfigAnalogFilter)
    HAL_I2C_Init                             0x080024f5   Thumb Code   404  stm32f3xx_hal_i2c.o(i.HAL_I2C_Init)
    HAL_I2C_MspInit                          0x080026d1   Thumb Code    74  i2c.o(i.HAL_I2C_MspInit)
    HAL_IncTick                              0x08002729   Thumb Code    12  stm32f3xx_hal.o(i.HAL_IncTick)
    HAL_Init                                 0x08002739   Thumb Code    34  stm32f3xx_hal.o(i.HAL_Init)
    HAL_InitTick                             0x08002761   Thumb Code    36  stm32f3xx_hal.o(i.HAL_InitTick)
    HAL_MspInit                              0x08002789   Thumb Code   114  stm32f3xx_hal_msp.o(i.HAL_MspInit)
    HAL_NVIC_EnableIRQ                       0x08002801   Thumb Code    44  stm32f3xx_hal_cortex.o(i.HAL_NVIC_EnableIRQ)
    HAL_NVIC_SetPriority                     0x0800286d   Thumb Code   152  stm32f3xx_hal_cortex.o(i.HAL_NVIC_SetPriority)
    HAL_NVIC_SetPriorityGrouping             0x08002945   Thumb Code    66  stm32f3xx_hal_cortex.o(i.HAL_NVIC_SetPriorityGrouping)
    HAL_RCCEx_PeriphCLKConfig                0x080029d1   Thumb Code  1230  stm32f3xx_hal_rcc_ex.o(i.HAL_RCCEx_PeriphCLKConfig)
    HAL_RCC_ClockConfig                      0x08002ea5   Thumb Code  1084  stm32f3xx_hal_rcc.o(i.HAL_RCC_ClockConfig)
    HAL_RCC_GetHCLKFreq                      0x080032e1   Thumb Code     6  stm32f3xx_hal_rcc.o(i.HAL_RCC_GetHCLKFreq)
    HAL_RCC_GetPCLK1Freq                     0x080032ed   Thumb Code    36  stm32f3xx_hal_rcc.o(i.HAL_RCC_GetPCLK1Freq)
    HAL_RCC_GetPCLK2Freq                     0x08003319   Thumb Code    36  stm32f3xx_hal_rcc.o(i.HAL_RCC_GetPCLK2Freq)
    HAL_RCC_GetSysClockFreq                  0x08003345   Thumb Code   120  stm32f3xx_hal_rcc.o(i.HAL_RCC_GetSysClockFreq)
    HAL_RCC_OscConfig                        0x080033d1   Thumb Code  2988  stm32f3xx_hal_rcc.o(i.HAL_RCC_OscConfig)
    HAL_SYSTICK_CLKSourceConfig              0x08003f85   Thumb Code    62  stm32f3xx_hal_cortex.o(i.HAL_SYSTICK_CLKSourceConfig)
    HAL_SYSTICK_Callback                     0x08004005   Thumb Code     2  stm32f3xx_hal_cortex.o(i.HAL_SYSTICK_Callback)
    HAL_SYSTICK_Config                       0x08004007   Thumb Code    52  stm32f3xx_hal_cortex.o(i.HAL_SYSTICK_Config)
    HAL_SYSTICK_IRQHandler                   0x0800403b   Thumb Code     8  stm32f3xx_hal_cortex.o(i.HAL_SYSTICK_IRQHandler)
    HAL_TIMEx_BreakCallback                  0x08004043   Thumb Code     2  stm32f3xx_hal_tim_ex.o(i.HAL_TIMEx_BreakCallback)
    HAL_TIMEx_CommutationCallback            0x08004045   Thumb Code     2  stm32f3xx_hal_tim_ex.o(i.HAL_TIMEx_CommutationCallback)
    HAL_TIMEx_ConfigBreakDeadTime            0x08004049   Thumb Code   454  stm32f3xx_hal_tim_ex.o(i.HAL_TIMEx_ConfigBreakDeadTime)
    HAL_TIMEx_MasterConfigSynchronization    0x08004261   Thumb Code   382  stm32f3xx_hal_tim_ex.o(i.HAL_TIMEx_MasterConfigSynchronization)
    HAL_TIM_Base_Init                        0x08004435   Thumb Code   194  stm32f3xx_hal_tim.o(i.HAL_TIM_Base_Init)
    HAL_TIM_Base_MspInit                     0x08004551   Thumb Code   420  tim.o(i.HAL_TIM_Base_MspInit)
    HAL_TIM_ConfigClockSource                0x08004715   Thumb Code  1394  stm32f3xx_hal_tim.o(i.HAL_TIM_ConfigClockSource)
    HAL_TIM_IC_CaptureCallback               0x08004c99   Thumb Code   292  angle_and_speed.o(i.HAL_TIM_IC_CaptureCallback)
    HAL_TIM_IC_ConfigChannel                 0x08004df9   Thumb Code   542  stm32f3xx_hal_tim.o(i.HAL_TIM_IC_ConfigChannel)
    HAL_TIM_IC_Init                          0x0800506d   Thumb Code   200  stm32f3xx_hal_tim.o(i.HAL_TIM_IC_Init)
    HAL_TIM_IC_MspInit                       0x0800518d   Thumb Code     2  stm32f3xx_hal_tim.o(i.HAL_TIM_IC_MspInit)
    HAL_TIM_IRQHandler                       0x0800518f   Thumb Code   406  stm32f3xx_hal_tim.o(i.HAL_TIM_IRQHandler)
    HAL_TIM_MspPostInit                      0x08005325   Thumb Code   122  tim.o(i.HAL_TIM_MspPostInit)
    HAL_TIM_OC_ConfigChannel                 0x080053ad   Thumb Code   522  stm32f3xx_hal_tim_ex.o(i.HAL_TIM_OC_ConfigChannel)
    HAL_TIM_OC_DelayElapsedCallback          0x08005615   Thumb Code     2  epc.o(i.HAL_TIM_OC_DelayElapsedCallback)
    HAL_TIM_OC_Init                          0x08005619   Thumb Code   200  stm32f3xx_hal_tim.o(i.HAL_TIM_OC_Init)
    HAL_TIM_OC_MspInit                       0x08005739   Thumb Code     2  stm32f3xx_hal_tim.o(i.HAL_TIM_OC_MspInit)
    HAL_TIM_PWM_ConfigChannel                0x0800573d   Thumb Code   768  stm32f3xx_hal_tim_ex.o(i.HAL_TIM_PWM_ConfigChannel)
    HAL_TIM_PWM_Init                         0x08005a99   Thumb Code   200  stm32f3xx_hal_tim.o(i.HAL_TIM_PWM_Init)
    HAL_TIM_PWM_MspInit                      0x08005bb9   Thumb Code     2  stm32f3xx_hal_tim.o(i.HAL_TIM_PWM_MspInit)
    HAL_TIM_PWM_PulseFinishedCallback        0x08005bbb   Thumb Code     2  stm32f3xx_hal_tim.o(i.HAL_TIM_PWM_PulseFinishedCallback)
    HAL_TIM_PWM_Start                        0x08005bbd   Thumb Code   228  stm32f3xx_hal_tim.o(i.HAL_TIM_PWM_Start)
    HAL_TIM_PWM_Stop                         0x08005cf5   Thumb Code   286  stm32f3xx_hal_tim.o(i.HAL_TIM_PWM_Stop)
    HAL_TIM_PeriodElapsedCallback            0x08005e69   Thumb Code     2  stm32f3xx_hal_tim.o(i.HAL_TIM_PeriodElapsedCallback)
    HAL_TIM_TriggerCallback                  0x08005e6b   Thumb Code     2  stm32f3xx_hal_tim.o(i.HAL_TIM_TriggerCallback)
    HAL_UARTEx_WakeupCallback                0x08005e6d   Thumb Code     2  stm32f3xx_hal_uart_ex.o(i.HAL_UARTEx_WakeupCallback)
    HAL_UART_ErrorCallback                   0x08005e6f   Thumb Code     2  stm32f3xx_hal_uart.o(i.HAL_UART_ErrorCallback)
    HAL_UART_IRQHandler                      0x08005e71   Thumb Code   284  stm32f3xx_hal_uart.o(i.HAL_UART_IRQHandler)
    HAL_UART_Init                            0x08005f8d   Thumb Code   206  stm32f3xx_hal_uart.o(i.HAL_UART_Init)
    HAL_UART_MspInit                         0x080060b1   Thumb Code   196  usart.o(i.HAL_UART_MspInit)
    HAL_UART_RxCpltCallback                  0x08006189   Thumb Code     2  stm32f3xx_hal_uart.o(i.HAL_UART_RxCpltCallback)
    HAL_UART_TxCpltCallback                  0x0800618b   Thumb Code     2  stm32f3xx_hal_uart.o(i.HAL_UART_TxCpltCallback)
    HardFault_Handler                        0x0800618d   Thumb Code     4  stm32f3xx_it.o(i.HardFault_Handler)
    MX_ADC1_Init                             0x08006191   Thumb Code   130  adc.o(i.MX_ADC1_Init)
    MX_ADC2_Init                             0x08006219   Thumb Code    96  adc.o(i.MX_ADC2_Init)
    MX_DMA_Init                              0x08006281   Thumb Code    80  dma.o(i.MX_DMA_Init)
    MX_GPIO_Init                             0x080062d5   Thumb Code   202  gpio.o(i.MX_GPIO_Init)
    MX_I2C1_Init                             0x080063ad   Thumb Code    60  i2c.o(i.MX_I2C1_Init)
    MX_TIM15_Init                            0x080063f5   Thumb Code   128  tim.o(i.MX_TIM15_Init)
    MX_TIM16_Init                            0x0800647d   Thumb Code    40  tim.o(i.MX_TIM16_Init)
    MX_TIM1_Init                             0x080064ad   Thumb Code   190  tim.o(i.MX_TIM1_Init)
    MX_TIM2_Init                             0x08006575   Thumb Code   134  tim.o(i.MX_TIM2_Init)
    MX_TIM3_Init                             0x08006601   Thumb Code   130  tim.o(i.MX_TIM3_Init)
    MX_TIM4_Init                             0x0800668d   Thumb Code   126  tim.o(i.MX_TIM4_Init)
    MX_TIM6_Init                             0x08006715   Thumb Code    58  tim.o(i.MX_TIM6_Init)
    MX_USART1_UART_Init                      0x08006759   Thumb Code    56  usart.o(i.MX_USART1_UART_Init)
    MemManage_Handler                        0x08006799   Thumb Code     4  stm32f3xx_it.o(i.MemManage_Handler)
    NMI_Handler                              0x0800679d   Thumb Code     2  stm32f3xx_it.o(i.NMI_Handler)
    PendSV_Handler                           0x080067d9   Thumb Code     2  stm32f3xx_it.o(i.PendSV_Handler)
    SVC_Handler                              0x080067db   Thumb Code     2  stm32f3xx_it.o(i.SVC_Handler)
    StartRead                                0x080067dd   Thumb Code    24  epc.o(i.StartRead)
    SysTick_Handler                          0x08006801   Thumb Code    12  stm32f3xx_it.o(i.SysTick_Handler)
    SystemClock_Config                       0x0800680d   Thumb Code   152  main.o(i.SystemClock_Config)
    SystemInit                               0x080068a5   Thumb Code   104  system_stm32f3xx.o(i.SystemInit)
    TIM1_BRK_TIM15_IRQHandler                0x08006921   Thumb Code    16  stm32f3xx_it.o(i.TIM1_BRK_TIM15_IRQHandler)
    TIM1_UP_TIM16_IRQHandler                 0x08006939   Thumb Code    16  stm32f3xx_it.o(i.TIM1_UP_TIM16_IRQHandler)
    TIM2_IRQHandler                          0x08006951   Thumb Code    10  stm32f3xx_it.o(i.TIM2_IRQHandler)
    TIM4_IRQHandler                          0x08006961   Thumb Code    10  stm32f3xx_it.o(i.TIM4_IRQHandler)
    TIM_Base_SetConfig                       0x08006971   Thumb Code   130  stm32f3xx_hal_tim.o(i.TIM_Base_SetConfig)
    TIM_CCxChannelCmd                        0x08006a0d   Thumb Code   130  stm32f3xx_hal_tim.o(i.TIM_CCxChannelCmd)
    TIM_ETR_SetConfig                        0x08006ae5   Thumb Code    24  stm32f3xx_hal_tim.o(i.TIM_ETR_SetConfig)
    TIM_OC1_SetConfig                        0x08006b11   Thumb Code   226  stm32f3xx_hal_tim.o(i.TIM_OC1_SetConfig)
    TIM_OC2_SetConfig                        0x08006c45   Thumb Code   234  stm32f3xx_hal_tim.o(i.TIM_OC2_SetConfig)
    TIM_OC3_SetConfig                        0x08006d81   Thumb Code   234  stm32f3xx_hal_tim.o(i.TIM_OC3_SetConfig)
    TIM_OC4_SetConfig                        0x08006ebd   Thumb Code   128  stm32f3xx_hal_tim.o(i.TIM_OC4_SetConfig)
    TIM_TI1_SetConfig                        0x08007091   Thumb Code   100  stm32f3xx_hal_tim.o(i.TIM_TI1_SetConfig)
    UART_AdvFeatureConfig                    0x080071ed   Thumb Code   526  stm32f3xx_hal_uart.o(i.UART_AdvFeatureConfig)
    UART_CheckIdleState                      0x08007449   Thumb Code    96  stm32f3xx_hal_uart.o(i.UART_CheckIdleState)
    UART_EndTransmit_IT                      0x080074a9   Thumb Code    32  stm32f3xx_hal_uart.o(i.UART_EndTransmit_IT)
    UART_Receive_IT                          0x080074c9   Thumb Code   148  stm32f3xx_hal_uart.o(i.UART_Receive_IT)
    UART_SetConfig                           0x0800755d   Thumb Code   944  stm32f3xx_hal_uart.o(i.UART_SetConfig)
    UART_Transmit_IT                         0x08007971   Thumb Code   106  stm32f3xx_hal_uart.o(i.UART_Transmit_IT)
    UART_WaitOnFlagUntilTimeout              0x080079db   Thumb Code   256  stm32f3xx_hal_uart.o(i.UART_WaitOnFlagUntilTimeout)
    USART1_IRQHandler                        0x08007add   Thumb Code    10  stm32f3xx_it.o(i.USART1_IRQHandler)
    UsageFault_Handler                       0x08007aed   Thumb Code     4  stm32f3xx_it.o(i.UsageFault_Handler)
    __scatterload_copy                       0x08007af1   Thumb Code    14  handlers.o(i.__scatterload_copy)
    __scatterload_null                       0x08007aff   Thumb Code     2  handlers.o(i.__scatterload_null)
    __scatterload_zeroinit                   0x08007b01   Thumb Code    14  handlers.o(i.__scatterload_zeroinit)
    assert_failed                            0x08007b0f   Thumb Code     2  main.o(i.assert_failed)
    main                                     0x08007b11   Thumb Code    64  main.o(i.main)
    AHBPrescTable                            0x08007b50   Data          16  system_stm32f3xx.o(.constdata)
    APBPrescTable                            0x08007b60   Data           8  system_stm32f3xx.o(.constdata)
    aPLLMULFactorTable                       0x08007b68   Data          16  stm32f3xx_hal_rcc.o(.constdata)
    aPredivFactorTable                       0x08007b78   Data          16  stm32f3xx_hal_rcc.o(.constdata)
    Region$$Table$$Base                      0x08007b88   Number         0  anon$$obj.o(Region$$Table)
    Region$$Table$$Limit                     0x08007ba8   Number         0  anon$$obj.o(Region$$Table)
    KeyStore                                 0x0800800c   Data           4  sysconfig.o(.ARM.__AT_0x0800800C)
    SystemCoreClock                          0x20000000   Data           4  system_stm32f3xx.o(.data)
    uwTick                                   0x20000008   Data           4  stm32f3xx_hal.o(.data)
    DataReady                                0x20000024   Data           1  epc.o(.data)
    hadc1                                    0x20000028   Data          84  adc.o(.bss)
    hadc2                                    0x2000007c   Data          84  adc.o(.bss)
    hdma_adc1                                0x200000d0   Data          60  adc.o(.bss)
    hi2c1                                    0x2000010c   Data          76  i2c.o(.bss)
    htim1                                    0x20000158   Data          60  tim.o(.bss)
    htim2                                    0x20000194   Data          60  tim.o(.bss)
    htim3                                    0x200001d0   Data          60  tim.o(.bss)
    htim4                                    0x2000020c   Data          60  tim.o(.bss)
    htim6                                    0x20000248   Data          60  tim.o(.bss)
    htim15                                   0x20000284   Data          60  tim.o(.bss)
    htim16                                   0x200002c0   Data          60  tim.o(.bss)
    huart1                                   0x200002fc   Data         112  usart.o(.bss)
    hdma_usart1_rx                           0x2000036c   Data          60  usart.o(.bss)
    hdma_usart1_tx                           0x200003a8   Data          60  usart.o(.bss)
    CCD_DataBuffer                           0x200003e4   Data        2056  sysconfig.o(.bss)
    ComBuffer                                0x20000bec   Data       12288  sysconfig.o(.bss)
    LidarData                                0x20003bec   Data        1086  sysconfig.o(.bss)
    RobotAngluarSpeedRecord                  0x20004068   Data          60  angle_and_speed.o(.bss)
    ElapsedTimeRecord                        0x200040a4   Data         120  angle_and_speed.o(.bss)
    __initial_sp                             0x20004520   Data           0  startup_stm32f302xc.o(STACK)



==============================================================================

Memory Map of the image

  Image Entry point : 0x08000189

  Load Region LR_IROM1 (Base: 0x08000000, Size: 0x00008038, Max: 0x00020000, ABSOLUTE)

    Execution Region ER_IROM1 (Base: 0x08000000, Size: 0x00008010, Max: 0x00020000, ABSOLUTE)

    Base Addr    Size         Type   Attr      Idx    E Section Name        Object

    0x08000000   0x00000188   Data   RO          144    RESET               startup_stm32f302xc.o
    0x08000188   0x00000000   Code   RO         4215  * .ARM.Collect$$$$00000000  mc_w.l(entry.o)
    0x08000188   0x00000004   Code   RO         4234    .ARM.Collect$$$$00000001  mc_w.l(entry2.o)
    0x0800018c   0x00000004   Code   RO         4237    .ARM.Collect$$$$00000004  mc_w.l(entry5.o)
    0x08000190   0x00000000   Code   RO         4239    .ARM.Collect$$$$00000008  mc_w.l(entry7b.o)
    0x08000190   0x00000000   Code   RO         4241    .ARM.Collect$$$$0000000A  mc_w.l(entry8b.o)
    0x08000190   0x00000008   Code   RO         4242    .ARM.Collect$$$$0000000B  mc_w.l(entry9a.o)
    0x08000198   0x00000000   Code   RO         4244    .ARM.Collect$$$$0000000D  mc_w.l(entry10a.o)
    0x08000198   0x00000000   Code   RO         4246    .ARM.Collect$$$$0000000F  mc_w.l(entry11a.o)
    0x08000198   0x00000004   Code   RO         4235    .ARM.Collect$$$$00002712  mc_w.l(entry2.o)
    0x0800019c   0x00000024   Code   RO          145    .text               startup_stm32f302xc.o
    0x080001c0   0x00000024   Code   RO         4257    .text               mc_w.l(init.o)
    0x080001e4   0x0000004e   Code   RO         1196    i.ADC_DMAConvCplt   stm32f3xx_hal_adc_ex.o
    0x08000232   0x0000001e   Code   RO         1197    i.ADC_DMAError      stm32f3xx_hal_adc_ex.o
    0x08000250   0x0000000e   Code   RO         1198    i.ADC_DMAHalfConvCplt  stm32f3xx_hal_adc_ex.o
    0x0800025e   0x00000098   Code   RO         1199    i.ADC_Disable       stm32f3xx_hal_adc_ex.o
    0x080002f6   0x00000002   PAD
    0x080002f8   0x00000090   Code   RO         1200    i.ADC_Enable        stm32f3xx_hal_adc_ex.o
    0x08000388   0x00000004   Code   RO          383    i.BusFault_Handler  stm32f3xx_it.o
    0x0800038c   0x00000028   Code   RO         4077    i.ClearData         epc.o
    0x080003b4   0x00000010   Code   RO          384    i.DMA1_Channel1_IRQHandler  stm32f3xx_it.o
    0x080003c4   0x00000010   Code   RO          385    i.DMA1_Channel4_IRQHandler  stm32f3xx_it.o
    0x080003d4   0x00000010   Code   RO          386    i.DMA1_Channel5_IRQHandler  stm32f3xx_it.o
    0x080003e4   0x00000020   Code   RO         1587    i.DMA_SetConfig     stm32f3xx_hal_dma.o
    0x08000404   0x00000002   Code   RO          387    i.DebugMon_Handler  stm32f3xx_it.o
    0x08000406   0x0000000c   Code   RO          388    i.EXTI15_10_IRQHandler  stm32f3xx_it.o
    0x08000412   0x00000004   Code   RO          301    i.Error_Handler     main.o
    0x08000416   0x00000002   PAD
    0x08000418   0x00000248   Code   RO         1215    i.HAL_ADCEx_MultiModeConfigChannel  stm32f3xx_hal_adc_ex.o
    0x08000660   0x000006b0   Code   RO         1224    i.HAL_ADC_ConfigChannel  stm32f3xx_hal_adc_ex.o
    0x08000d10   0x0000002c   Code   RO         4079    i.HAL_ADC_ConvCpltCallback  epc.o
    0x08000d3c   0x00000002   Code   RO         1048    i.HAL_ADC_ConvHalfCpltCallback  stm32f3xx_hal_adc.o
    0x08000d3e   0x00000002   Code   RO         1050    i.HAL_ADC_ErrorCallback  stm32f3xx_hal_adc.o
    0x08000d40   0x00000476   Code   RO         1228    i.HAL_ADC_Init      stm32f3xx_hal_adc_ex.o
    0x080011b6   0x00000002   PAD
    0x080011b8   0x000000dc   Code   RO          153    i.HAL_ADC_MspInit   adc.o
    0x08001294   0x000001c0   Code   RO         1232    i.HAL_ADC_Start_DMA  stm32f3xx_hal_adc_ex.o
    0x08001454   0x00000908   Code   RO         1593    i.HAL_DMA_IRQHandler  stm32f3xx_hal_dma.o
    0x08001d5c   0x000001d4   Code   RO         1594    i.HAL_DMA_Init      stm32f3xx_hal_dma.o
    0x08001f30   0x000000c8   Code   RO         1597    i.HAL_DMA_Start_IT  stm32f3xx_hal_dma.o
    0x08001ff8   0x00000010   Code   RO         4080    i.HAL_GPIO_EXTI_Callback  epc.o
    0x08002008   0x0000001c   Code   RO         1882    i.HAL_GPIO_EXTI_IRQHandler  stm32f3xx_hal_gpio.o
    0x08002024   0x00000364   Code   RO         1883    i.HAL_GPIO_Init     stm32f3xx_hal_gpio.o
    0x08002388   0x0000007c   Code   RO         1887    i.HAL_GPIO_WritePin  stm32f3xx_hal_gpio.o
    0x08002404   0x0000000c   Code   RO          921    i.HAL_GetTick       stm32f3xx_hal.o
    0x08002410   0x000000e4   Code   RO         2374    i.HAL_I2CEx_ConfigAnalogFilter  stm32f3xx_hal_i2c_ex.o
    0x080024f4   0x000001dc   Code   RO         1957    i.HAL_I2C_Init      stm32f3xx_hal_i2c.o
    0x080026d0   0x00000058   Code   RO          260    i.HAL_I2C_MspInit   i2c.o
    0x08002728   0x00000010   Code   RO          922    i.HAL_IncTick       stm32f3xx_hal.o
    0x08002738   0x00000028   Code   RO          923    i.HAL_Init          stm32f3xx_hal.o
    0x08002760   0x00000028   Code   RO          924    i.HAL_InitTick      stm32f3xx_hal.o
    0x08002788   0x00000078   Code   RO          359    i.HAL_MspInit       stm32f3xx_hal_msp.o
    0x08002800   0x0000006c   Code   RO         1462    i.HAL_NVIC_EnableIRQ  stm32f3xx_hal_cortex.o
    0x0800286c   0x000000d8   Code   RO         1468    i.HAL_NVIC_SetPriority  stm32f3xx_hal_cortex.o
    0x08002944   0x0000008c   Code   RO         1469    i.HAL_NVIC_SetPriorityGrouping  stm32f3xx_hal_cortex.o
    0x080029d0   0x000004d4   Code   RO         2673    i.HAL_RCCEx_PeriphCLKConfig  stm32f3xx_hal_rcc_ex.o
    0x08002ea4   0x0000043c   Code   RO         2567    i.HAL_RCC_ClockConfig  stm32f3xx_hal_rcc.o
    0x080032e0   0x0000000c   Code   RO         2572    i.HAL_RCC_GetHCLKFreq  stm32f3xx_hal_rcc.o
    0x080032ec   0x0000002c   Code   RO         2574    i.HAL_RCC_GetPCLK1Freq  stm32f3xx_hal_rcc.o
    0x08003318   0x0000002c   Code   RO         2575    i.HAL_RCC_GetPCLK2Freq  stm32f3xx_hal_rcc.o
    0x08003344   0x0000008c   Code   RO         2576    i.HAL_RCC_GetSysClockFreq  stm32f3xx_hal_rcc.o
    0x080033d0   0x00000bb4   Code   RO         2579    i.HAL_RCC_OscConfig  stm32f3xx_hal_rcc.o
    0x08003f84   0x00000080   Code   RO         1471    i.HAL_SYSTICK_CLKSourceConfig  stm32f3xx_hal_cortex.o
    0x08004004   0x00000002   Code   RO         1472    i.HAL_SYSTICK_Callback  stm32f3xx_hal_cortex.o
    0x08004006   0x00000034   Code   RO         1473    i.HAL_SYSTICK_Config  stm32f3xx_hal_cortex.o
    0x0800403a   0x00000008   Code   RO         1474    i.HAL_SYSTICK_IRQHandler  stm32f3xx_hal_cortex.o
    0x08004042   0x00000002   Code   RO         3358    i.HAL_TIMEx_BreakCallback  stm32f3xx_hal_tim_ex.o
    0x08004044   0x00000002   Code   RO         3359    i.HAL_TIMEx_CommutationCallback  stm32f3xx_hal_tim_ex.o
    0x08004046   0x00000002   PAD
    0x08004048   0x00000218   Code   RO         3360    i.HAL_TIMEx_ConfigBreakDeadTime  stm32f3xx_hal_tim_ex.o
    0x08004260   0x000001d4   Code   RO         3376    i.HAL_TIMEx_MasterConfigSynchronization  stm32f3xx_hal_tim_ex.o
    0x08004434   0x0000011c   Code   RO         2715    i.HAL_TIM_Base_Init  stm32f3xx_hal_tim.o
    0x08004550   0x000001c4   Code   RO          514    i.HAL_TIM_Base_MspInit  tim.o
    0x08004714   0x00000584   Code   RO         2724    i.HAL_TIM_ConfigClockSource  stm32f3xx_hal_tim.o
    0x08004c98   0x00000160   Code   RO         3977    i.HAL_TIM_IC_CaptureCallback  angle_and_speed.o
    0x08004df8   0x00000274   Code   RO         2745    i.HAL_TIM_IC_ConfigChannel  stm32f3xx_hal_tim.o
    0x0800506c   0x00000120   Code   RO         2748    i.HAL_TIM_IC_Init   stm32f3xx_hal_tim.o
    0x0800518c   0x00000002   Code   RO         2750    i.HAL_TIM_IC_MspInit  stm32f3xx_hal_tim.o
    0x0800518e   0x00000196   Code   RO         2757    i.HAL_TIM_IRQHandler  stm32f3xx_hal_tim.o
    0x08005324   0x00000088   Code   RO          515    i.HAL_TIM_MspPostInit  tim.o
    0x080053ac   0x00000268   Code   RO         3395    i.HAL_TIM_OC_ConfigChannel  stm32f3xx_hal_tim_ex.o
    0x08005614   0x00000002   Code   RO         4081    i.HAL_TIM_OC_DelayElapsedCallback  epc.o
    0x08005616   0x00000002   PAD
    0x08005618   0x00000120   Code   RO         2762    i.HAL_TIM_OC_Init   stm32f3xx_hal_tim.o
    0x08005738   0x00000002   Code   RO         2764    i.HAL_TIM_OC_MspInit  stm32f3xx_hal_tim.o
    0x0800573a   0x00000002   PAD
    0x0800573c   0x0000035c   Code   RO         3396    i.HAL_TIM_PWM_ConfigChannel  stm32f3xx_hal_tim_ex.o
    0x08005a98   0x00000120   Code   RO         2784    i.HAL_TIM_PWM_Init  stm32f3xx_hal_tim.o
    0x08005bb8   0x00000002   Code   RO         2786    i.HAL_TIM_PWM_MspInit  stm32f3xx_hal_tim.o
    0x08005bba   0x00000002   Code   RO         2787    i.HAL_TIM_PWM_PulseFinishedCallback  stm32f3xx_hal_tim.o
    0x08005bbc   0x00000138   Code   RO         2788    i.HAL_TIM_PWM_Start  stm32f3xx_hal_tim.o
    0x08005cf4   0x00000174   Code   RO         2791    i.HAL_TIM_PWM_Stop  stm32f3xx_hal_tim.o
    0x08005e68   0x00000002   Code   RO         2794    i.HAL_TIM_PeriodElapsedCallback  stm32f3xx_hal_tim.o
    0x08005e6a   0x00000002   Code   RO         2798    i.HAL_TIM_TriggerCallback  stm32f3xx_hal_tim.o
    0x08005e6c   0x00000002   Code   RO         3636    i.HAL_UARTEx_WakeupCallback  stm32f3xx_hal_uart_ex.o
    0x08005e6e   0x00000002   Code   RO          652    i.HAL_UART_ErrorCallback  stm32f3xx_hal_uart.o
    0x08005e70   0x0000011c   Code   RO          655    i.HAL_UART_IRQHandler  stm32f3xx_hal_uart.o
    0x08005f8c   0x00000124   Code   RO          656    i.HAL_UART_Init     stm32f3xx_hal_uart.o
    0x080060b0   0x000000d8   Code   RO          598    i.HAL_UART_MspInit  usart.o
    0x08006188   0x00000002   Code   RO          662    i.HAL_UART_RxCpltCallback  stm32f3xx_hal_uart.o
    0x0800618a   0x00000002   Code   RO          667    i.HAL_UART_TxCpltCallback  stm32f3xx_hal_uart.o
    0x0800618c   0x00000004   Code   RO          389    i.HardFault_Handler  stm32f3xx_it.o
    0x08006190   0x00000088   Code   RO          154    i.MX_ADC1_Init      adc.o
    0x08006218   0x00000068   Code   RO          155    i.MX_ADC2_Init      adc.o
    0x08006280   0x00000054   Code   RO          211    i.MX_DMA_Init       dma.o
    0x080062d4   0x000000d8   Code   RO          235    i.MX_GPIO_Init      gpio.o
    0x080063ac   0x00000048   Code   RO          261    i.MX_I2C1_Init      i2c.o
    0x080063f4   0x00000088   Code   RO          516    i.MX_TIM15_Init     tim.o
    0x0800647c   0x00000030   Code   RO          517    i.MX_TIM16_Init     tim.o
    0x080064ac   0x000000c8   Code   RO          518    i.MX_TIM1_Init      tim.o
    0x08006574   0x0000008c   Code   RO          519    i.MX_TIM2_Init      tim.o
    0x08006600   0x0000008c   Code   RO          520    i.MX_TIM3_Init      tim.o
    0x0800668c   0x00000088   Code   RO          521    i.MX_TIM4_Init      tim.o
    0x08006714   0x00000044   Code   RO          522    i.MX_TIM6_Init      tim.o
    0x08006758   0x00000040   Code   RO          599    i.MX_USART1_UART_Init  usart.o
    0x08006798   0x00000004   Code   RO          390    i.MemManage_Handler  stm32f3xx_it.o
    0x0800679c   0x00000002   Code   RO          391    i.NMI_Handler       stm32f3xx_it.o
    0x0800679e   0x00000002   PAD
    0x080067a0   0x00000010   Code   RO         1475    i.NVIC_GetPriorityGrouping  stm32f3xx_hal_cortex.o
    0x080067b0   0x00000028   Code   RO         1476    i.NVIC_SetPriority  stm32f3xx_hal_cortex.o
    0x080067d8   0x00000002   Code   RO          392    i.PendSV_Handler    stm32f3xx_it.o
    0x080067da   0x00000002   Code   RO          393    i.SVC_Handler       stm32f3xx_it.o
    0x080067dc   0x00000024   Code   RO         4085    i.StartRead         epc.o
    0x08006800   0x0000000c   Code   RO          394    i.SysTick_Handler   stm32f3xx_it.o
    0x0800680c   0x00000098   Code   RO          302    i.SystemClock_Config  main.o
    0x080068a4   0x0000007c   Code   RO            5    i.SystemInit        system_stm32f3xx.o
    0x08006920   0x00000018   Code   RO          395    i.TIM1_BRK_TIM15_IRQHandler  stm32f3xx_it.o
    0x08006938   0x00000018   Code   RO          396    i.TIM1_UP_TIM16_IRQHandler  stm32f3xx_it.o
    0x08006950   0x00000010   Code   RO          397    i.TIM2_IRQHandler   stm32f3xx_it.o
    0x08006960   0x00000010   Code   RO          398    i.TIM4_IRQHandler   stm32f3xx_it.o
    0x08006970   0x0000009c   Code   RO         2799    i.TIM_Base_SetConfig  stm32f3xx_hal_tim.o
    0x08006a0c   0x000000d8   Code   RO         2800    i.TIM_CCxChannelCmd  stm32f3xx_hal_tim.o
    0x08006ae4   0x00000018   Code   RO         2806    i.TIM_ETR_SetConfig  stm32f3xx_hal_tim.o
    0x08006afc   0x00000014   Code   RO         2807    i.TIM_ITRx_SetConfig  stm32f3xx_hal_tim.o
    0x08006b10   0x00000134   Code   RO         2808    i.TIM_OC1_SetConfig  stm32f3xx_hal_tim.o
    0x08006c44   0x0000013c   Code   RO         2809    i.TIM_OC2_SetConfig  stm32f3xx_hal_tim.o
    0x08006d80   0x0000013c   Code   RO         2810    i.TIM_OC3_SetConfig  stm32f3xx_hal_tim.o
    0x08006ebc   0x000000d0   Code   RO         2811    i.TIM_OC4_SetConfig  stm32f3xx_hal_tim.o
    0x08006f8c   0x0000006c   Code   RO         3399    i.TIM_OC5_SetConfig  stm32f3xx_hal_tim_ex.o
    0x08006ff8   0x0000006c   Code   RO         3400    i.TIM_OC6_SetConfig  stm32f3xx_hal_tim_ex.o
    0x08007064   0x0000002a   Code   RO         2813    i.TIM_TI1_ConfigInputStage  stm32f3xx_hal_tim.o
    0x0800708e   0x00000002   PAD
    0x08007090   0x00000074   Code   RO         2814    i.TIM_TI1_SetConfig  stm32f3xx_hal_tim.o
    0x08007104   0x0000002c   Code   RO         2815    i.TIM_TI2_ConfigInputStage  stm32f3xx_hal_tim.o
    0x08007130   0x0000003e   Code   RO         2816    i.TIM_TI2_SetConfig  stm32f3xx_hal_tim.o
    0x0800716e   0x0000003c   Code   RO         2817    i.TIM_TI3_SetConfig  stm32f3xx_hal_tim.o
    0x080071aa   0x00000040   Code   RO         2818    i.TIM_TI4_SetConfig  stm32f3xx_hal_tim.o
    0x080071ea   0x00000002   PAD
    0x080071ec   0x0000025c   Code   RO          669    i.UART_AdvFeatureConfig  stm32f3xx_hal_uart.o
    0x08007448   0x00000060   Code   RO          670    i.UART_CheckIdleState  stm32f3xx_hal_uart.o
    0x080074a8   0x00000020   Code   RO          676    i.UART_EndTransmit_IT  stm32f3xx_hal_uart.o
    0x080074c8   0x00000094   Code   RO          677    i.UART_Receive_IT   stm32f3xx_hal_uart.o
    0x0800755c   0x00000414   Code   RO          678    i.UART_SetConfig    stm32f3xx_hal_uart.o
    0x08007970   0x0000006a   Code   RO          679    i.UART_Transmit_IT  stm32f3xx_hal_uart.o
    0x080079da   0x00000100   Code   RO          680    i.UART_WaitOnFlagUntilTimeout  stm32f3xx_hal_uart.o
    0x08007ada   0x00000002   PAD
    0x08007adc   0x00000010   Code   RO          399    i.USART1_IRQHandler  stm32f3xx_it.o
    0x08007aec   0x00000004   Code   RO          400    i.UsageFault_Handler  stm32f3xx_it.o
    0x08007af0   0x0000000e   Code   RO         4261    i.__scatterload_copy  mc_w.l(handlers.o)
    0x08007afe   0x00000002   Code   RO         4262    i.__scatterload_null  mc_w.l(handlers.o)
    0x08007b00   0x0000000e   Code   RO         4263    i.__scatterload_zeroinit  mc_w.l(handlers.o)
    0x08007b0e   0x00000002   Code   RO          303    i.assert_failed     main.o
    0x08007b10   0x00000040   Code   RO          304    i.main              main.o
    0x08007b50   0x00000018   Data   RO            6    .constdata          system_stm32f3xx.o
    0x08007b68   0x00000020   Data   RO         2580    .constdata          stm32f3xx_hal_rcc.o
    0x08007b88   0x00000020   Data   RO         4259    Region$$Table       anon$$obj.o
    0x08007ba8   0x00000464   PAD
    0x0800800c   0x00000004   Data   RO         3942    .ARM.__AT_0x0800800C  sysconfig.o


    Execution Region RW_IRAM1 (Base: 0x20000000, Size: 0x00004520, Max: 0x00008000, ABSOLUTE)

    Base Addr    Size         Type   Attr      Idx    E Section Name        Object

    0x20000000   0x00000004   Data   RW            7    .data               system_stm32f3xx.o
    0x20000004   0x00000004   Data   RW          157    .data               adc.o
    0x20000008   0x00000004   Data   RW          929    .data               stm32f3xx_hal.o
    0x2000000c   0x00000018   Data   RW         3987    .data               angle_and_speed.o
    0x20000024   0x00000001   Data   RW         4086    .data               epc.o
    0x20000025   0x00000003   PAD
    0x20000028   0x000000e4   Zero   RW          156    .bss                adc.o
    0x2000010c   0x0000004c   Zero   RW          262    .bss                i2c.o
    0x20000158   0x000001a4   Zero   RW          523    .bss                tim.o
    0x200002fc   0x000000e8   Zero   RW          600    .bss                usart.o
    0x200003e4   0x00003c46   Zero   RW         3943    .bss                sysconfig.o
    0x2000402a   0x00000002   PAD
    0x2000402c   0x000000f0   Zero   RW         3986    .bss                angle_and_speed.o
    0x2000411c   0x00000004   PAD
    0x20004120   0x00000400   Zero   RW          142    STACK               startup_stm32f302xc.o


==============================================================================

Image component sizes


      Code (inc. data)   RO Data    RW Data    ZI Data      Debug   Object Name

       460         34          0          4        228       2592   adc.o
       352         60          0         24        240       3596   angle_and_speed.o
        84          4          0          0          0        790   dma.o
       138         30          0          1          0       3122   epc.o
       216         14          0          0          0        963   gpio.o
       160         26          0          0         76       1645   i2c.o
       222          0          0          0          0       2624   main.o
        36          8        392          0       1024        804   startup_stm32f302xc.o
       108         20          0          4          0       3283   stm32f3xx_hal.o
         4          0          0          0          0       1583   stm32f3xx_hal_adc.o
      4304        342          0          0          0       9630   stm32f3xx_hal_adc_ex.o
       710        282          0          0          0      32873   stm32f3xx_hal_cortex.o
      3012        158          0          0          0       4743   stm32f3xx_hal_dma.o
      1020        192          0          0          0       3251   stm32f3xx_hal_gpio.o
       476         72          0          0          0       2779   stm32f3xx_hal_i2c.o
       228         74          0          0          0       1195   stm32f3xx_hal_i2c_ex.o
       120          6          0          0          0        890   stm32f3xx_hal_msp.o
      4320        208         32          0          0       6760   stm32f3xx_hal_rcc.o
      1236         86          0          0          0       1840   stm32f3xx_hal_rcc_ex.o
      6242       1174          0          0          0      22909   stm32f3xx_hal_tim.o
      2700        396          0          0          0       7381   stm32f3xx_hal_tim_ex.o
      2868        264          0          0          0       9679   stm32f3xx_hal_uart.o
         2          0          0          0          0        992   stm32f3xx_hal_uart_ex.o
       192         52          0          0          0       8853   stm32f3xx_it.o
         0          0          4          0      15430       1745   sysconfig.o
       124         20         24          4          0     578295   system_stm32f3xx.o
      1456        108          0          0        420       6854   tim.o
       280         28          0          0        232       1864   usart.o
         0          0          0          0          0       1380   usart_user.o

    ----------------------------------------------------------------------
     31090       3658       1608         40      17656     724915   Object Totals
         0          0         32          0          0          0   (incl. Generated)
        20          0       1124          3          6          0   (incl. Padding)

    ----------------------------------------------------------------------

      Code (inc. data)   RO Data    RW Data    ZI Data      Debug   Library Member Name

         0          0          0          0          0          0   entry.o
         0          0          0          0          0          0   entry10a.o
         0          0          0          0          0          0   entry11a.o
         8          4          0          0          0          0   entry2.o
         4          0          0          0          0          0   entry5.o
         0          0          0          0          0          0   entry7b.o
         0          0          0          0          0          0   entry8b.o
         8          4          0          0          0          0   entry9a.o
        30          0          0          0          0          0   handlers.o
        36          8          0          0          0         68   init.o

    ----------------------------------------------------------------------
        86         16          0          0          0         68   Library Totals
         0          0          0          0          0          0   (incl. Padding)

    ----------------------------------------------------------------------

      Code (inc. data)   RO Data    RW Data    ZI Data      Debug   Library Name

        86         16          0          0          0         68   mc_w.l

    ----------------------------------------------------------------------
        86         16          0          0          0         68   Library Totals

    ----------------------------------------------------------------------

==============================================================================


      Code (inc. data)   RO Data    RW Data    ZI Data      Debug   

     31176       3674       1608         40      17656     711987   Grand Totals
     31176       3674       1608         40      17656     711987   ELF Image Totals
     31176       3674       1608         40          0          0   ROM Totals

==============================================================================

    Total RO  Size (Code + RO Data)                32784 (  32.02kB)
    Total RW  Size (RW Data + ZI Data)             17696 (  17.28kB)
    Total ROM Size (Code + RO Data + RW Data)      32824 (  32.05kB)

==============================================================================

